Component: ARM Compiler 5.06 update 4 (build 422) Tool: armlink [4d35d2]

==============================================================================

Section Cross References

    exp.o(i.DECREASE_detect) refers to exp.o(.data) for key_code
    exp.o(i.DOWN_detect) refers to exp.o(.data) for key_code
    exp.o(i.DevicesInit) refers to sysctl.o(i.SysCtlClockFreqSet) for SysCtlClockFreqSet
    exp.o(i.DevicesInit) refers to fpu.o(i.FPULazyStackingEnable) for FPULazyStackingEnable
    exp.o(i.DevicesInit) refers to fpu.o(i.FPUEnable) for FPUEnable
    exp.o(i.DevicesInit) refers to exp.o(i.GPIOInit) for GPIOInit
    exp.o(i.DevicesInit) refers to lm75bd.o(i.I2C0Init) for I2C0Init
    exp.o(i.DevicesInit) refers to adc.o(i.ADCInit) for ADCInit
    exp.o(i.DevicesInit) refers to pwm.o(i.PWMInit) for PWMInit
    exp.o(i.DevicesInit) refers to exp.o(i.SysTickInit) for SysTickInit
    exp.o(i.DevicesInit) refers to exp.o(i.UARTInit) for UARTInit
    exp.o(i.DevicesInit) refers to interrupt.o(i.IntMasterEnable) for IntMasterEnable
    exp.o(i.DevicesInit) refers to exp.o(.data) for g_ui32SysClock
    exp.o(i.ENTER_detect) refers to exp.o(.data) for key_ENTER_state
    exp.o(i.GPIOInit) refers to sysctl.o(i.SysCtlPeripheralEnable) for SysCtlPeripheralEnable
    exp.o(i.GPIOInit) refers to sysctl.o(i.SysCtlPeripheralReady) for SysCtlPeripheralReady
    exp.o(i.GPIOInit) refers to gpio.o(i.GPIOPinTypeGPIOOutput) for GPIOPinTypeGPIOOutput
    exp.o(i.GPIOInit) refers to jlx12864g.o(i.LCD_PORT_init) for LCD_PORT_init
    exp.o(i.INCREASE_detect) refers to exp.o(.data) for key_code
    exp.o(i.SysTickInit) refers to systick.o(i.SysTickPeriodSet) for SysTickPeriodSet
    exp.o(i.SysTickInit) refers to systick.o(i.SysTickEnable) for SysTickEnable
    exp.o(i.SysTickInit) refers to systick.o(i.SysTickIntEnable) for SysTickIntEnable
    exp.o(i.SysTickInit) refers to exp.o(.data) for g_ui32SysClock
    exp.o(i.SysTick_Handler) refers to tm1638.o(i.TM1638_RefreshDIGIandLED) for TM1638_RefreshDIGIandLED
    exp.o(i.SysTick_Handler) refers to tm1638.o(i.TM1638_Readkeyboard) for TM1638_Readkeyboard
    exp.o(i.SysTick_Handler) refers to exp.o(i.ENTER_detect) for ENTER_detect
    exp.o(i.SysTick_Handler) refers to exp.o(i.DOWN_detect) for DOWN_detect
    exp.o(i.SysTick_Handler) refers to exp.o(i.UP_detect) for UP_detect
    exp.o(i.SysTick_Handler) refers to exp.o(i.INCREASE_detect) for INCREASE_detect
    exp.o(i.SysTick_Handler) refers to exp.o(i.DECREASE_detect) for DECREASE_detect
    exp.o(i.SysTick_Handler) refers to exp.o(.data) for clock40ms
    exp.o(i.UARTInit) refers to sysctl.o(i.SysCtlPeripheralEnable) for SysCtlPeripheralEnable
    exp.o(i.UARTInit) refers to sysctl.o(i.SysCtlPeripheralReady) for SysCtlPeripheralReady
    exp.o(i.UARTInit) refers to gpio.o(i.GPIOPinConfigure) for GPIOPinConfigure
    exp.o(i.UARTInit) refers to gpio.o(i.GPIOPinTypeUART) for GPIOPinTypeUART
    exp.o(i.UARTInit) refers to uart.o(i.UARTConfigSetExpClk) for UARTConfigSetExpClk
    exp.o(i.UARTInit) refers to exp.o(.data) for g_ui32SysClock
    exp.o(i.UARTStringPut) refers to uart.o(i.UARTCharPut) for UARTCharPut
    exp.o(i.UP_detect) refers to exp.o(.data) for key_UP_state
    exp.o(i.display_ui_act) refers to jlx12864g.o(i.clear_screen) for clear_screen
    exp.o(i.display_ui_act) refers to jlx12864g.o(i.display_GB2312_string) for display_GB2312_string
    exp.o(i.display_ui_act) refers to exp.o(.bss) for act
    exp.o(i.initial_act) refers to exp.o(i.display_ui_act) for display_ui_act
    exp.o(i.initial_act) refers to exp.o(.bss) for a
    exp.o(i.initial_act) refers to exp.o(.data) for a0_s0
    exp.o(i.main) refers to exp.o(i.DevicesInit) for DevicesInit
    exp.o(i.main) refers to tm1638.o(i.TM1638_Init) for TM1638_Init
    exp.o(i.main) refers to jlx12864g.o(i.LCD_Init) for LCD_Init
    exp.o(i.main) refers to exp.o(i.initial_act) for initial_act
    exp.o(i.main) refers to sysctl.o(.emb_text) for SysCtlDelay
    exp.o(i.main) refers to exp.o(i.UARTStringPut) for UARTStringPut
    exp.o(i.main) refers to adc.o(i.ADC_Sample) for ADC_Sample
    exp.o(i.main) refers to dflt_clz.o(x$fpl$dfltu) for __aeabi_ui2d
    exp.o(i.main) refers to ddiv.o(x$fpl$ddiv) for __aeabi_ddiv
    exp.o(i.main) refers to dfix.o(x$fpl$dfix) for __aeabi_d2iz
    exp.o(i.main) refers to dmul.o(x$fpl$dmul) for __aeabi_dmul
    exp.o(i.main) refers to jlx12864g.o(i.display_GB2312_string) for display_GB2312_string
    exp.o(i.main) refers to lm75bd.o(i.GetTemputerature) for GetTemputerature
    exp.o(i.main) refers to pwm.o(i.PWMStart) for PWMStart
    exp.o(i.main) refers to daddsub_clz.o(x$fpl$dadd) for __aeabi_dadd
    exp.o(i.main) refers to dfixu.o(x$fpl$dfixu) for __aeabi_d2uiz
    exp.o(i.main) refers to exp.o(i.ui_state_proc) for ui_state_proc
    exp.o(i.main) refers to exp.o(.data) for clock100ms
    exp.o(i.ui_proc000) refers to exp.o(i.display_ui_act) for display_ui_act
[...]
    ../clib/angel/startup.s                  0x00000000   Number         0  __main.o ABSOLUTE
    ../clib/angel/sys.s                      0x00000000   Number         0  use_no_semi.o ABSOLUTE
    ../clib/angel/sys.s                      0x00000000   Number         0  indicate_semi.o ABSOLUTE
    ../clib/angel/sys.s                      0x00000000   Number         0  libspace.o ABSOLUTE
    ../clib/angel/sys.s                      0x00000000   Number         0  sys_stackheap_outer.o ABSOLUTE
    ../clib/angel/sysapp.c                   0x00000000   Number         0  sys_exit.o ABSOLUTE
    ../clib/angel/sysapp.c                   0x00000000   Number         0  sys_command.o ABSOLUTE
    ../clib/angel/sysapp.c                   0x00000000   Number         0  sys_wrch.o ABSOLUTE
    ../clib/armsys.c                         0x00000000   Number         0  argv_veneer.o ABSOLUTE
    ../clib/armsys.c                         0x00000000   Number         0  argv_veneer.o ABSOLUTE
    ../clib/armsys.c                         0x00000000   Number         0  _get_argv_nomalloc.o ABSOLUTE
    ../clib/armsys.c                         0x00000000   Number         0  no_argv.o ABSOLUTE
    ../clib/heapalloc.c                      0x00000000   Number         0  hrguard.o ABSOLUTE
    ../clib/heapaux.c                        0x00000000   Number         0  heapauxi.o ABSOLUTE
    ../clib/libinit.s                        0x00000000   Number         0  libinit2.o ABSOLUTE
    ../clib/libinit.s                        0x00000000   Number         0  libshutdown.o ABSOLUTE
    ../clib/libinit.s                        0x00000000   Number         0  libshutdown2.o ABSOLUTE
    ../clib/libinit.s                        0x00000000   Number         0  libinit.o ABSOLUTE
    ../clib/signal.c                         0x00000000   Number         0  defsig_exit.o ABSOLUTE
    ../clib/signal.c                         0x00000000   Number         0  defsig_rtmem_formal.o ABSOLUTE
    ../clib/signal.c                         0x00000000   Number         0  defsig_rtmem_outer.o ABSOLUTE
    ../clib/signal.c                         0x00000000   Number         0  defsig_cppl_inner.o ABSOLUTE
    ../clib/signal.c                         0x00000000   Number         0  defsig_other.o ABSOLUTE
    ../clib/signal.c                         0x00000000   Number         0  defsig_segv_inner.o ABSOLUTE
    ../clib/signal.c                         0x00000000   Number         0  defsig_pvfn_inner.o ABSOLUTE
    ../clib/signal.c                         0x00000000   Number         0  defsig_stak_inner.o ABSOLUTE
    ../clib/signal.c                         0x00000000   Number         0  defsig_rtred_inner.o ABSOLUTE
    ../clib/signal.c                         0x00000000   Number         0  defsig_fpe_inner.o ABSOLUTE
    ../clib/signal.c                         0x00000000   Number         0  defsig_abrt_inner.o ABSOLUTE
    ../clib/signal.c                         0x00000000   Number         0  defsig_general.o ABSOLUTE
    ../clib/signal.c                         0x00000000   Number         0  __raise.o ABSOLUTE
    ../clib/signal.c                         0x00000000   Number         0  defsig_rtmem_inner.o ABSOLUTE
    ../clib/signal.s                         0x00000000   Number         0  defsig.o ABSOLUTE
    ../clib/stdlib.c                         0x00000000   Number         0  exit.o ABSOLUTE
    ../fplib/d2f.s                           0x00000000   Number         0  d2f.o ABSOLUTE
    ../fplib/daddsub.s                       0x00000000   Number         0  daddsub_clz.o ABSOLUTE
    ../fplib/ddiv.s                          0x00000000   Number         0  ddiv.o ABSOLUTE
    ../fplib/dfix.s                          0x00000000   Number         0  dfix.o ABSOLUTE
    ../fplib/dfixu.s                         0x00000000   Number         0  dfixu.o ABSOLUTE
    ../fplib/dflt.s                          0x00000000   Number         0  dflt_clz.o ABSOLUTE
    ../fplib/dmul.s                          0x00000000   Number         0  dmul.o ABSOLUTE
    ../fplib/dnaninf.s                       0x00000000   Number         0  dnaninf.o ABSOLUTE
    ../fplib/dretinf.s                       0x00000000   Number         0  dretinf.o ABSOLUTE
    ../fplib/fpinit.s                        0x00000000   Number         0  fpinit.o ABSOLUTE
    ../fplib/fretinf.s                       0x00000000   Number         0  fretinf.o ABSOLUTE
    ../fplib/usenofp.s                       0x00000000   Number         0  usenofp.o ABSOLUTE
    ADC.c                                    0x00000000   Number         0  adc.o ABSOLUTE
    JLX12864G.c                              0x00000000   Number         0  jlx12864g.o ABSOLUTE
    LM75BD.c                                 0x00000000   Number         0  lm75bd.o ABSOLUTE
    PWM.c                                    0x00000000   Number         0  pwm.o ABSOLUTE
    RTE\Device\TM4C1294NCPDT\startup_TM4C129.s 0x00000000   Number         0  startup_tm4c129.o ABSOLUTE
    RTE\Device\TM4C1294NCPDT\system_TM4C129.c 0x00000000   Number         0  system_tm4c129.o ABSOLUTE
    RTE\\Device\\TM4C1294NCPDT\\system_TM4C129.c 0x00000000   Number         0  system_tm4c129.o ABSOLUTE
    adc.c                                    0x00000000   Number         0  adc.o ABSOLUTE
    cpu.c                                    0x00000000   Number         0  cpu.o ABSOLUTE
    cpu.c                                    0x00000000   Number         0  cpu.o ABSOLUTE
    dc.s                                     0x00000000   Number         0  dc.o ABSOLUTE
    exp.c                                    0x00000000   Number         0  exp.o ABSOLUTE
    fpu.c                                    0x00000000   Number         0  fpu.o ABSOLUTE
    gpio.c                                   0x00000000   Number         0  gpio.o ABSOLUTE
    i2c.c                                    0x00000000   Number         0  i2c.o ABSOLUTE
    interrupt.c                              0x00000000   Number         0  interrupt.o ABSOLUTE
    pwm.c                                    0x00000000   Number         0  pwm.o ABSOLUTE
    sysctl.c                                 0x00000000   Number         0  sysctl.o ABSOLUTE
    sysctl.c                                 0x00000000   Number         0  sysctl.o ABSOLUTE
    systick.c                                0x00000000   Number         0  systick.o ABSOLUTE
    tm1638.c                                 0x00000000   Number         0  tm1638.o ABSOLUTE
    uart.c                                   0x00000000   Number         0  uart.o ABSOLUTE
    !!!main                                  0x00000200   Section        8  __main.o(!!!main)
    !!!scatter                               0x00000208   Section       52  __scatter.o(!!!scatter)
    !!handler_copy                           0x0000023c   Section       26  __scatter_copy.o(!!handler_copy)
    !!handler_zi                             0x00000258   Section       28  __scatter_zi.o(!!handler_zi)
    .ARM.Collect$$libinit$$00000000          0x00000274   Section        2  libinit.o(.ARM.Collect$$libinit$$00000000)
    .ARM.Collect$$libinit$$00000001          0x00000276   Section        4  libinit2.o(.ARM.Collect$$libinit$$00000001)
    .ARM.Collect$$libinit$$00000004          0x0000027a   Section        0  libinit2.o(.ARM.Collect$$libinit$$00000004)
    .ARM.Collect$$libinit$$0000000A          0x0000027a   Section        0  libinit2.o(.ARM.Collect$$libinit$$0000000A)
    .ARM.Collect$$libinit$$0000000C          0x0000027a   Section        0  libinit2.o(.ARM.Collect$$libinit$$0000000C)
    .ARM.Collect$$libinit$$0000000E          0x0000027a   Section        0  libinit2.o(.ARM.Collect$$libinit$$0000000E)
    .ARM.Collect$$libinit$$00000011          0x0000027a   Section        0  libinit2.o(.ARM.Collect$$libinit$$00000011)
    .ARM.Collect$$libinit$$00000013          0x0000027a   Section        0  libinit2.o(.ARM.Collect$$libinit$$00000013)
    .ARM.Collect$$libinit$$00000015          0x0000027a   Section        0  libinit2.o(.ARM.Collect$$libinit$$00000015)
    .ARM.Collect$$libinit$$00000017          0x0000027a   Section        0  libinit2.o(.ARM.Collect$$libinit$$00000017)
    .ARM.Collect$$libinit$$00000019          0x0000027a   Section        0  libinit2.o(.ARM.Collect$$libinit$$00000019)
    .ARM.Collect$$libinit$$0000001B          0x0000027a   Section        0  libinit2.o(.ARM.Collect$$libinit$$0000001B)
    .ARM.Collect$$libinit$$0000001D          0x0000027a   Section        0  libinit2.o(.ARM.Collect$$libinit$$0000001D)
    .ARM.Collect$$libinit$$0000001F          0x0000027a   Section        0  libinit2.o(.ARM.Collect$$libinit$$0000001F)
    .ARM.Collect$$libinit$$00000021          0x0000027a   Section        0  libinit2.o(.ARM.Collect$$libinit$$00000021)
    .ARM.Collect$$libinit$$00000023          0x0000027a   Section        0  libinit2.o(.ARM.Collect$$libinit$$00000023)
    .ARM.Collect$$libinit$$00000025          0x0000027a   Section        0  libinit2.o(.ARM.Collect$$libinit$$00000025)
    .ARM.Collect$$libinit$$0000002C          0x0000027a   Section        0  libinit2.o(.ARM.Collect$$libinit$$0000002C)
    .ARM.Collect$$libinit$$0000002E          0x0000027a   Section        0  libinit2.o(.ARM.Collect$$libinit$$0000002E)
    .ARM.Collect$$libinit$$00000030          0x0000027a   Section        0  libinit2.o(.ARM.Collect$$libinit$$00000030)
    .ARM.Collect$$libinit$$00000032          0x0000027a   Section        0  libinit2.o(.ARM.Collect$$libinit$$00000032)
    .ARM.Collect$$libinit$$00000033          0x0000027a   Section        2  libinit2.o(.ARM.Collect$$libinit$$00000033)
    .ARM.Collect$$libshutdown$$00000000      0x0000027c   Section        2  libshutdown.o(.ARM.Collect$$libshutdown$$00000000)
    .ARM.Collect$$libshutdown$$00000002      0x0000027e   Section        0  libshutdown2.o(.ARM.Collect$$libshutdown$$00000002)
    .ARM.Collect$$libshutdown$$00000004      0x0000027e   Section        0  libshutdown2.o(.ARM.Collect$$libshutdown$$00000004)
    .ARM.Collect$$libshutdown$$00000007      0x0000027e   Section        0  libshutdown2.o(.ARM.Collect$$libshutdown$$00000007)
    .ARM.Collect$$libshutdown$$0000000A      0x0000027e   Section        0  libshutdown2.o(.ARM.Collect$$libshutdown$$0000000A)
    .ARM.Collect$$libshutdown$$0000000C      0x0000027e   Section        0  libshutdown2.o(.ARM.Collect$$libshutdown$$0000000C)
    .ARM.Collect$$libshutdown$$0000000F      0x0000027e   Section        0  libshutdown2.o(.ARM.Collect$$libshutdown$$0000000F)
    .ARM.Collect$$libshutdown$$00000010      0x0000027e   Section        2  libshutdown2.o(.ARM.Collect$$libshutdown$$00000010)
    .ARM.Collect$$rtentry$$00000000          0x00000280   Section        0  __rtentry.o(.ARM.Collect$$rtentry$$00000000)
    .ARM.Collect$$rtentry$$00000002          0x00000280   Section        0  __rtentry2.o(.ARM.Collect$$rtentry$$00000002)
    .ARM.Collect$$rtentry$$00000004          0x00000280   Section        6  __rtentry4.o(.ARM.Collect$$rtentry$$00000004)
    .ARM.Collect$$rtentry$$00000009          0x00000286   Section        0  __rtentry2.o(.ARM.Collect$$rtentry$$00000009)
    .ARM.Collect$$rtentry$$0000000A          0x00000286   Section        4  __rtentry2.o(.ARM.Collect$$rtentry$$0000000A)
    .ARM.Collect$$rtentry$$0000000C          0x0000028a   Section        0  __rtentry2.o(.ARM.Collect$$rtentry$$0000000C)
    .ARM.Collect$$rtentry$$0000000D          0x0000028a   Section        8  __rtentry2.o(.ARM.Collect$$rtentry$$0000000D)
    .ARM.Collect$$rtexit$$00000000           0x00000292   Section        2  rtexit.o(.ARM.Collect$$rtexit$$00000000)
    .ARM.Collect$$rtexit$$00000002           0x00000294   Section        0  rtexit2.o(.ARM.Collect$$rtexit$$00000002)
    .ARM.Collect$$rtexit$$00000003           0x00000294   Section        4  rtexit2.o(.ARM.Collect$$rtexit$$00000003)
    .ARM.Collect$$rtexit$$00000004           0x00000298   Section        6  rtexit2.o(.ARM.Collect$$rtexit$$00000004)
    .emb_text                                0x000002a0   Section        6  sysctl.o(.emb_text)
    $v0                                      0x000002a0   Number         0  sysctl.o(.emb_text)
    .emb_text                                0x000002a8   Section       38  cpu.o(.emb_text)
    $v0                                      0x000002a8   Number         0  cpu.o(.emb_text)
    .text                                    0x000002d0   Section      300  startup_tm4c129.o(.text)
    $v0                                      0x000002d0   Number         0  startup_tm4c129.o(.text)
    .text                                    0x000003fc   Section        0  heapauxi.o(.text)
    .text                                    0x00000402   Section       74  sys_stackheap_outer.o(.text)
    .text                                    0x0000044c   Section        0  exit.o(.text)
    .text                                    0x00000460   Section        8  libspace.o(.text)
    .text                                    0x00000468   Section        0  sys_exit.o(.text)
    .text                                    0x00000474   Section        2  use_no_semi.o(.text)
    .text                                    0x00000476   Section        0  indicate_semi.o(.text)
    i.ADCInit                                0x00000478   Section        0  adc.o(i.ADCInit)
    i.ADCIntClear                            0x000004c8   Section        0  adc.o(i.ADCIntClear)
    i.ADCIntStatus                           0x000004d2   Section        0  adc.o(i.ADCIntStatus)
    i.ADCProcessorTrigger                    0x00000506   Section        0  adc.o(i.ADCProcessorTrigger)
    i.ADCSequenceConfigure                   0x00000520   Section        0  adc.o(i.ADCSequenceConfigure)
    i.ADCSequenceDataGet                     0x00000580   Section        0  adc.o(i.ADCSequenceDataGet)
    i.ADCSequenceEnable                      0x000005a4   Section        0  adc.o(i.ADCSequenceEnable)
    i.ADCSequenceStepConfigure               0x000005b2   Section        0  adc.o(i.ADCSequenceStepConfigure)
    i.ADC_Sample                             0x0000064c   Section        0  adc.o(i.ADC_Sample)
    i.DECREASE_detect                        0x00000680   Section        0  exp.o(i.DECREASE_detect)
    i.DOWN_detect                            0x000006f8   Section        0  exp.o(i.DOWN_detect)
    i.Delay                                  0x0000073c   Section        0  lm75bd.o(i.Delay)
    i.DevicesInit                            0x00000748   Section        0  exp.o(i.DevicesInit)
    i.ENTER_detect                           0x00000788   Section        0  exp.o(i.ENTER_detect)
    i.FPUEnable                              0x000007d0   Section        0  fpu.o(i.FPUEnable)
    i.FPULazyStackingEnable                  0x000007e0   Section        0  fpu.o(i.FPULazyStackingEnable)
    i.GPIODirModeSet                         0x000007f0   Section        0  gpio.o(i.GPIODirModeSet)
    i.GPIOInit                               0x00000818   Section        0  exp.o(i.GPIOInit)
    i.GPIOPadConfigSet                       0x00000864   Section        0  gpio.o(i.GPIOPadConfigSet)
    i.GPIOPinConfigure                       0x0000099c   Section        0  gpio.o(i.GPIOPinConfigure)
    i.GPIOPinRead                            0x000009e0   Section        0  gpio.o(i.GPIOPinRead)
    i.GPIOPinTypeADC                         0x000009e6   Section        0  gpio.o(i.GPIOPinTypeADC)
    i.GPIOPinTypeGPIOInput                   0x00000a02   Section        0  gpio.o(i.GPIOPinTypeGPIOInput)
    i.GPIOPinTypeGPIOOutput                  0x00000a1e   Section        0  gpio.o(i.GPIOPinTypeGPIOOutput)
    i.GPIOPinTypeI2C                         0x00000a3a   Section        0  gpio.o(i.GPIOPinTypeI2C)
    i.GPIOPinTypeI2CSCL                      0x00000a56   Section        0  gpio.o(i.GPIOPinTypeI2CSCL)
    i.GPIOPinTypePWM                         0x00000a72   Section        0  gpio.o(i.GPIOPinTypePWM)
    i.GPIOPinTypeUART                        0x00000a8e   Section        0  gpio.o(i.GPIOPinTypeUART)
    i.GPIOPinWrite                           0x00000aaa   Section        0  gpio.o(i.GPIOPinWrite)
    i.GetTemputerature                       0x00000ab0   Section        0  lm75bd.o(i.GetTemputerature)
    i.I2C0Init                               0x00000ba4   Section        0  lm75bd.o(i.I2C0Init)
    i.I2CMasterBusy                          0x00000c00   Section        0  i2c.o(i.I2CMasterBusy)
    i.I2CMasterControl                       0x00000c0c   Section        0  i2c.o(i.I2CMasterControl)
    i.I2CMasterDataGet                       0x00000c10   Section        0  i2c.o(i.I2CMasterDataGet)
    i.I2CMasterEnable                        0x00000c14   Section        0  i2c.o(i.I2CMasterEnable)
    i.I2CMasterErr                           0x00000c1e   Section        0  i2c.o(i.I2CMasterErr)
    i.I2CMasterInitExpClk                    0x00000c38   Section        0  i2c.o(i.I2CMasterInitExpClk)
    i.I2CMasterSlaveAddrSet                  0x00000c8c   Section        0  i2c.o(i.I2CMasterSlaveAddrSet)
    i.INCREASE_detect                        0x00000c94   Section        0  exp.o(i.INCREASE_detect)
    i.IntMasterEnable                        0x00000d0c   Section        0  interrupt.o(i.IntMasterEnable)
    i.LCD_Init                               0x00000d1c   Section        0  jlx12864g.o(i.LCD_Init)
    i.LCD_PORT_init                          0x00000da4   Section        0  jlx12864g.o(i.LCD_PORT_init)
    i.LCD_delay                              0x00000e5c   Section        0  jlx12864g.o(i.LCD_delay)
    i.LCD_delay_us                           0x00000e72   Section        0  jlx12864g.o(i.LCD_delay_us)
    i.PWMGenConfigure                        0x00000e88   Section        0  pwm.o(i.PWMGenConfigure)
    i.PWMGenDisable                          0x00000eae   Section        0  pwm.o(i.PWMGenDisable)
    i.PWMGenEnable                           0x00000eb8   Section        0  pwm.o(i.PWMGenEnable)
    i.PWMGenPeriodGet                        0x00000ec2   Section        0  pwm.o(i.PWMGenPeriodGet)
    i.PWMGenPeriodSet                        0x00000ed4   Section        0  pwm.o(i.PWMGenPeriodSet)
    i.PWMInit                                0x00000ee8   Section        0  pwm.o(i.PWMInit)
    i.PWMOutputState                         0x00000f2c   Section        0  pwm.o(i.PWMOutputState)
    i.PWMPulseWidthSet                       0x00000f3c   Section        0  pwm.o(i.PWMPulseWidthSet)
    i.PWMStart                               0x00000f5c   Section        0  pwm.o(i.PWMStart)
    i.SysCtlClockFreqSet                     0x00000fa0   Section        0  sysctl.o(i.SysCtlClockFreqSet)
    i.SysCtlPeripheralEnable                 0x00001284   Section        0  sysctl.o(i.SysCtlPeripheralEnable)
    i.SysCtlPeripheralReady                  0x000012ac   Section        0  sysctl.o(i.SysCtlPeripheralReady)
    i.SysTickEnable                          0x000012d8   Section        0  systick.o(i.SysTickEnable)
    i.SysTickInit                            0x000012e8   Section        0  exp.o(i.SysTickInit)
    i.SysTickIntEnable                       0x00001308   Section        0  systick.o(i.SysTickIntEnable)
    i.SysTickPeriodSet                       0x00001316   Section        0  systick.o(i.SysTickPeriodSet)
    i.SysTick_Handler                        0x00001320   Section        0  exp.o(i.SysTick_Handler)
    i.SystemInit                             0x000014b8   Section        0  system_tm4c129.o(i.SystemInit)
    i.TM1638_DigiSegment                     0x000014d8   Section        0  tm1638.o(i.TM1638_DigiSegment)
    i.TM1638_Init                            0x000015dc   Section        0  tm1638.o(i.TM1638_Init)
    i.TM1638_Readkeyboard                    0x00001600   Section        0  tm1638.o(i.TM1638_Readkeyboard)
    i.TM1638_RefreshDIGIandLED               0x000016a0   Section        0  tm1638.o(i.TM1638_RefreshDIGIandLED)
    i.TM1638_Serial_Input                    0x0000173c   Section        0  tm1638.o(i.TM1638_Serial_Input)
    i.TM1638_Serial_Output                   0x00001790   Section        0  tm1638.o(i.TM1638_Serial_Output)
    i.UARTCharPut                            0x000017e4   Section        0  uart.o(i.UARTCharPut)
    i.UARTConfigSetExpClk                    0x000017f0   Section        0  uart.o(i.UARTConfigSetExpClk)
    i.UARTInit                               0x00001860   Section        0  exp.o(i.UARTInit)
    i.UARTStringPut                          0x000018b8   Section        0  exp.o(i.UARTStringPut)
    i.UP_detect                              0x000018d4   Section        0  exp.o(i.UP_detect)
    i.clear_screen                           0x0000191c   Section        0  jlx12864g.o(i.clear_screen)
    i.display_GB2312_string                  0x00001954   Section        0  jlx12864g.o(i.display_GB2312_string)
    i.display_ui_act                         0x00001a64   Section        0  exp.o(i.display_ui_act)
    i.get_and_write_16x16                    0x00001ac4   Section        0  jlx12864g.o(i.get_and_write_16x16)
    i.get_and_write_8x16                     0x00001b4c   Section        0  jlx12864g.o(i.get_and_write_8x16)
    i.get_data_from_ROM                      0x00001bd4   Section        0  jlx12864g.o(i.get_data_from_ROM)
    get_data_from_ROM                        0x00001bd5   Thumb Code    72  jlx12864g.o(i.get_data_from_ROM)
    i.initial_act                            0x00001c20   Section        0  exp.o(i.initial_act)
    i.lcd_address                            0x00001dec   Section        0  jlx12864g.o(i.lcd_address)
    i.main                                   0x00001e14   Section        0  exp.o(i.main)
    i.send_command_to_ROM                    0x000021e8   Section        0  jlx12864g.o(i.send_command_to_ROM)
    i.transfer_command_lcd                   0x00002244   Section        0  jlx12864g.o(i.transfer_command_lcd)
    i.transfer_data_lcd                      0x000022b4   Section        0  jlx12864g.o(i.transfer_data_lcd)
    i.ui_proc000                             0x00002324   Section        0  exp.o(i.ui_proc000)
    i.ui_proc100                             0x000023b8   Section        0  exp.o(i.ui_proc100)
    i.ui_proc101                             0x00002434   Section        0  exp.o(i.ui_proc101)
    i.ui_proc102                             0x00002678   Section        0  exp.o(i.ui_proc102)
    i.ui_proc103                             0x000028bc   Section        0  exp.o(i.ui_proc103)
    i.ui_proc105                             0x00002b00   Section        0  exp.o(i.ui_proc105)
    i.ui_proc107                             0x00002d44   Section        0  exp.o(i.ui_proc107)
    i.ui_proc111                             0x00003098   Section        0  exp.o(i.ui_proc111)
    i.ui_proc200                             0x0000311c   Section        0  exp.o(i.ui_proc200)
    i.ui_state_proc                          0x000031d8   Section        0  exp.o(i.ui_state_proc)
    x$fpl$d2f                                0x00003240   Section       98  d2f.o(x$fpl$d2f)
    $v0                                      0x00003240   Number         0  d2f.o(x$fpl$d2f)
    x$fpl$dadd                               0x000032a4   Section      336  daddsub_clz.o(x$fpl$dadd)
    $v0                                      0x000032a4   Number         0  daddsub_clz.o(x$fpl$dadd)
    _dadd1                                   0x000032b5   Thumb Code     0  daddsub_clz.o(x$fpl$dadd)
    x$fpl$ddiv                               0x000033f4   Section      688  ddiv.o(x$fpl$ddiv)
    $v0                                      0x000033f4   Number         0  ddiv.o(x$fpl$ddiv)
    ddiv_entry                               0x000033fb   Thumb Code     0  ddiv.o(x$fpl$ddiv)
    x$fpl$dfix                               0x000036a4   Section       94  dfix.o(x$fpl$dfix)
    $v0                                      0x000036a4   Number         0  dfix.o(x$fpl$dfix)
    x$fpl$dfixu                              0x00003704   Section       90  dfixu.o(x$fpl$dfixu)
    $v0                                      0x00003704   Number         0  dfixu.o(x$fpl$dfixu)
    x$fpl$dflt                               0x0000375e   Section       46  dflt_clz.o(x$fpl$dflt)
    $v0                                      0x0000375e   Number         0  dflt_clz.o(x$fpl$dflt)
    x$fpl$dfltu                              0x0000378c   Section       38  dflt_clz.o(x$fpl$dfltu)
    $v0                                      0x0000378c   Number         0  dflt_clz.o(x$fpl$dfltu)
    x$fpl$dmul                               0x000037b4   Section      340  dmul.o(x$fpl$dmul)
    $v0                                      0x000037b4   Number         0  dmul.o(x$fpl$dmul)
    x$fpl$dnaninf                            0x00003908   Section      156  dnaninf.o(x$fpl$dnaninf)
    $v0                                      0x00003908   Number         0  dnaninf.o(x$fpl$dnaninf)
    x$fpl$dretinf                            0x000039a4   Section       12  dretinf.o(x$fpl$dretinf)
    $v0                                      0x000039a4   Number         0  dretinf.o(x$fpl$dretinf)
    x$fpl$dsub                               0x000039b0   Section      468  daddsub_clz.o(x$fpl$dsub)
    $v0                                      0x000039b0   Number         0  daddsub_clz.o(x$fpl$dsub)
    _dsub1                                   0x000039c1   Thumb Code     0  daddsub_clz.o(x$fpl$dsub)
    x$fpl$fpinit                             0x00003b84   Section       10  fpinit.o(x$fpl$fpinit)
    $v0                                      0x00003b84   Number         0  fpinit.o(x$fpl$fpinit)
    x$fpl$fretinf                            0x00003b8e   Section       10  fretinf.o(x$fpl$fretinf)
    $v0                                      0x00003b8e   Number         0  fretinf.o(x$fpl$fretinf)
    .constdata                               0x00003b98   Section      552  gpio.o(.constdata)
    x$fpl$usenofp                            0x00003b98   Section        0  usenofp.o(x$fpl$usenofp)
    g_ppui32GPIOIntMapBlizzard               0x00003b98   Data         192  gpio.o(.constdata)
    g_ppui32GPIOIntMapSnowflake              0x00003c58   Data         216  gpio.o(.constdata)
    g_pui32GPIOBaseAddrs                     0x00003d30   Data         144  gpio.o(.constdata)
    .constdata                               0x00003dc0   Section      596  sysctl.o(.constdata)
    g_pui32VCOFrequencies                    0x00003dc0   Data           8  sysctl.o(.constdata)
    g_pui32Xtals                             0x00003dc8   Data         108  sysctl.o(.constdata)
    g_pppui32XTALtoVCO                       0x00003e34   Data         432  sysctl.o(.constdata)
    g_sXTALtoMEMTIM                          0x00003fe4   Data          48  sysctl.o(.constdata)
    .data                                    0x20000000   Section      279  exp.o(.data)
    .data                                    0x20000118   Section        4  jlx12864g.o(.data)
    .data                                    0x2000011c   Section        4  system_tm4c129.o(.data)
    .bss                                     0x20000120   Section      592  exp.o(.bss)
    .bss                                     0x20000370   Section       96  libspace.o(.bss)
    HEAP                                     0x200003d0   Section        0  startup_tm4c129.o(HEAP)
    STACK                                    0x200003d0   Section      512  startup_tm4c129.o(STACK)
    Heap_Mem                                 0x200003d0   Data           0  startup_tm4c129.o(HEAP)
    Stack_Mem                                0x200003d0   Data         512  startup_tm4c129.o(STACK)
    __initial_sp                             0x200005d0   Data           0  startup_tm4c129.o(STACK)

    Global Symbols

    Symbol Name                              Value     Ov Type        Size  Object(Section)

    BuildAttributes$$THM_ISAv4$E$P$D$K$B$S$7EM$VFPi3$EXTD16$VFPS$VFMA$PE$A:L22UL41UL21$X:L11$S22US41US21$IEEE1$IW$USESV6$~STKCKD$USESV7$~SHL$OTIME$ROPI$EBA8$UX$STANDARDLIB$REQ8$PRES8$EABIv2 0x00000000   Number         0  anon$$obj.o ABSOLUTE
    __ARM_use_no_argv                        0x00000000   Number         0  exp.o ABSOLUTE
    __Vectors                                0x00000000   Data           4  startup_tm4c129.o(RESET)
    __ARM_exceptions_init                     - Undefined Weak Reference
    __alloca_initialize                       - Undefined Weak Reference
    __arm_preinit_                            - Undefined Weak Reference
    __cpp_initialize__aeabi_                  - Undefined Weak Reference
    __cxa_finalize                            - Undefined Weak Reference
    __rt_locale                               - Undefined Weak Reference
    __sigvec_lookup                           - Undefined Weak Reference
    _atexit_init                              - Undefined Weak Reference
    _call_atexit_fns                          - Undefined Weak Reference
    _clock_init                               - Undefined Weak Reference
    _fp_trap_init                             - Undefined Weak Reference
    _fp_trap_shutdown                         - Undefined Weak Reference
    _get_lc_collate                           - Undefined Weak Reference
    _get_lc_ctype                             - Undefined Weak Reference
    _get_lc_monetary                          - Undefined Weak Reference
    _get_lc_numeric                           - Undefined Weak Reference
    _get_lc_time                              - Undefined Weak Reference
    _getenv_init                              - Undefined Weak Reference
    _handle_redirection                       - Undefined Weak Reference
    _init_alloc                               - Undefined Weak Reference
    _init_user_alloc                          - Undefined Weak Reference
    _initio                                   - Undefined Weak Reference
    _rand_init                                - Undefined Weak Reference
    _signal_finish                            - Undefined Weak Reference
    _signal_init                              - Undefined Weak Reference
    _terminate_alloc                          - Undefined Weak Reference
    _terminate_user_alloc                     - Undefined Weak Reference
    _terminateio                              - Undefined Weak Reference
    __Vectors_End                            0x00000200   Data           0  startup_tm4c129.o(RESET)
    __Vectors_Size                           0x00000200   Number         0  startup_tm4c129.o ABSOLUTE
    __main                                   0x00000201   Thumb Code     8  __main.o(!!!main)
    __scatterload                            0x00000209   Thumb Code     0  __scatter.o(!!!scatter)
    __scatterload_rt2                        0x00000209   Thumb Code    44  __scatter.o(!!!scatter)
    __scatterload_rt2_thumb_only             0x00000209   Thumb Code     0  __scatter.o(!!!scatter)
    __scatterload_null                       0x00000217   Thumb Code     0  __scatter.o(!!!scatter)
    __scatterload_copy                       0x0000023d   Thumb Code    26  __scatter_copy.o(!!handler_copy)
    __scatterload_zeroinit                   0x00000259   Thumb Code    28  __scatter_zi.o(!!handler_zi)
    __rt_lib_init                            0x00000275   Thumb Code     0  libinit.o(.ARM.Collect$$libinit$$00000000)
    __rt_lib_init_fp_1                       0x00000277   Thumb Code     0  libinit2.o(.ARM.Collect$$libinit$$00000001)
    __rt_lib_init_alloca_1                   0x0000027b   Thumb Code     0  libinit2.o(.ARM.Collect$$libinit$$0000002E)
    __rt_lib_init_argv_1                     0x0000027b   Thumb Code     0  libinit2.o(.ARM.Collect$$libinit$$0000002C)
    __rt_lib_init_atexit_1                   0x0000027b   Thumb Code     0  libinit2.o(.ARM.Collect$$libinit$$0000001B)
    __rt_lib_init_clock_1                    0x0000027b   Thumb Code     0  libinit2.o(.ARM.Collect$$libinit$$00000021)
    __rt_lib_init_cpp_1                      0x0000027b   Thumb Code     0  libinit2.o(.ARM.Collect$$libinit$$00000032)
    __rt_lib_init_exceptions_1               0x0000027b   Thumb Code     0  libinit2.o(.ARM.Collect$$libinit$$00000030)
    __rt_lib_init_fp_trap_1                  0x0000027b   Thumb Code     0  libinit2.o(.ARM.Collect$$libinit$$0000001F)
    __rt_lib_init_getenv_1                   0x0000027b   Thumb Code     0  libinit2.o(.ARM.Collect$$libinit$$00000023)
    __rt_lib_init_heap_1                     0x0000027b   Thumb Code     0  libinit2.o(.ARM.Collect$$libinit$$0000000A)
    __rt_lib_init_lc_collate_1               0x0000027b   Thumb Code     0  libinit2.o(.ARM.Collect$$libinit$$00000011)
    __rt_lib_init_lc_ctype_1                 0x0000027b   Thumb Code     0  libinit2.o(.ARM.Collect$$libinit$$00000013)
    __rt_lib_init_lc_monetary_1              0x0000027b   Thumb Code     0  libinit2.o(.ARM.Collect$$libinit$$00000015)
    __rt_lib_init_lc_numeric_1               0x0000027b   Thumb Code     0  libinit2.o(.ARM.Collect$$libinit$$00000017)
    __rt_lib_init_lc_time_1                  0x0000027b   Thumb Code     0  libinit2.o(.ARM.Collect$$libinit$$00000019)
    __rt_lib_init_preinit_1                  0x0000027b   Thumb Code     0  libinit2.o(.ARM.Collect$$libinit$$00000004)
    __rt_lib_init_rand_1                     0x0000027b   Thumb Code     0  libinit2.o(.ARM.Collect$$libinit$$0000000E)
    __rt_lib_init_return                     0x0000027b   Thumb Code     0  libinit2.o(.ARM.Collect$$libinit$$00000033)
    __rt_lib_init_signal_1                   0x0000027b   Thumb Code     0  libinit2.o(.ARM.Collect$$libinit$$0000001D)
    __rt_lib_init_stdio_1                    0x0000027b   Thumb Code     0  libinit2.o(.ARM.Collect$$libinit$$00000025)
    __rt_lib_init_user_alloc_1               0x0000027b   Thumb Code     0  libinit2.o(.ARM.Collect$$libinit$$0000000C)
    __rt_lib_shutdown                        0x0000027d   Thumb Code     0  libshutdown.o(.ARM.Collect$$libshutdown$$00000000)
    __rt_lib_shutdown_cpp_1                  0x0000027f   Thumb Code     0  libshutdown2.o(.ARM.Collect$$libshutdown$$00000002)
    __rt_lib_shutdown_fp_trap_1              0x0000027f   Thumb Code     0  libshutdown2.o(.ARM.Collect$$libshutdown$$00000007)
    __rt_lib_shutdown_heap_1                 0x0000027f   Thumb Code     0  libshutdown2.o(.ARM.Collect$$libshutdown$$0000000F)
    __rt_lib_shutdown_return                 0x0000027f   Thumb Code     0  libshutdown2.o(.ARM.Collect$$libshutdown$$00000010)
    __rt_lib_shutdown_signal_1               0x0000027f   Thumb Code     0  libshutdown2.o(.ARM.Collect$$libshutdown$$0000000A)
    __rt_lib_shutdown_stdio_1                0x0000027f   Thumb Code     0  libshutdown2.o(.ARM.Collect$$libshutdown$$00000004)
    __rt_lib_shutdown_user_alloc_1           0x0000027f   Thumb Code     0  libshutdown2.o(.ARM.Collect$$libshutdown$$0000000C)
    __rt_entry                               0x00000281   Thumb Code     0  __rtentry.o(.ARM.Collect$$rtentry$$00000000)
    __rt_entry_presh_1                       0x00000281   Thumb Code     0  __rtentry2.o(.ARM.Collect$$rtentry$$00000002)
    __rt_entry_sh                            0x00000281   Thumb Code     0  __rtentry4.o(.ARM.Collect$$rtentry$$00000004)
    __rt_entry_li                            0x00000287   Thumb Code     0  __rtentry2.o(.ARM.Collect$$rtentry$$0000000A)
    __rt_entry_postsh_1                      0x00000287   Thumb Code     0  __rtentry2.o(.ARM.Collect$$rtentry$$00000009)
    __rt_entry_main                          0x0000028b   Thumb Code     0  __rtentry2.o(.ARM.Collect$$rtentry$$0000000D)
    __rt_entry_postli_1                      0x0000028b   Thumb Code     0  __rtentry2.o(.ARM.Collect$$rtentry$$0000000C)
    __rt_exit                                0x00000293   Thumb Code     0  rtexit.o(.ARM.Collect$$rtexit$$00000000)
    __rt_exit_ls                             0x00000295   Thumb Code     0  rtexit2.o(.ARM.Collect$$rtexit$$00000003)
    __rt_exit_prels_1                        0x00000295   Thumb Code     0  rtexit2.o(.ARM.Collect$$rtexit$$00000002)
    __rt_exit_exit                           0x00000299   Thumb Code     0  rtexit2.o(.ARM.Collect$$rtexit$$00000004)
    SysCtlDelay                              0x000002a1   Thumb Code     6  sysctl.o(.emb_text)
    CPUcpsid                                 0x000002a9   Thumb Code     8  cpu.o(.emb_text)
    CPUprimask                               0x000002b1   Thumb Code     6  cpu.o(.emb_text)
    CPUcpsie                                 0x000002b7   Thumb Code     8  cpu.o(.emb_text)
    CPUwfi                                   0x000002bf   Thumb Code     4  cpu.o(.emb_text)
    CPUbasepriSet                            0x000002c3   Thumb Code     6  cpu.o(.emb_text)
    CPUbasepriGet                            0x000002c9   Thumb Code     6  cpu.o(.emb_text)
    Reset_Handler                            0x000002d1   Thumb Code     8  startup_tm4c129.o(.text)
    NMI_Handler                              0x000002d9   Thumb Code     2  startup_tm4c129.o(.text)
    HardFault_Handler                        0x000002db   Thumb Code     2  startup_tm4c129.o(.text)
    MemManage_Handler                        0x000002dd   Thumb Code     2  startup_tm4c129.o(.text)
    BusFault_Handler                         0x000002df   Thumb Code     2  startup_tm4c129.o(.text)
    UsageFault_Handler                       0x000002e1   Thumb Code     2  startup_tm4c129.o(.text)
    SVC_Handler                              0x000002e3   Thumb Code     2  startup_tm4c129.o(.text)
    DebugMon_Handler                         0x000002e5   Thumb Code     2  startup_tm4c129.o(.text)
    PendSV_Handler                           0x000002e7   Thumb Code     2  startup_tm4c129.o(.text)
    GPIOA_Handler                            0x000002eb   Thumb Code     2  startup_tm4c129.o(.text)
    GPIOB_Handler                            0x000002ed   Thumb Code     2  startup_tm4c129.o(.text)
    GPIOC_Handler                            0x000002ef   Thumb Code     2  startup_tm4c129.o(.text)
    GPIOD_Handler                            0x000002f1   Thumb Code     2  startup_tm4c129.o(.text)
    GPIOE_Handler                            0x000002f3   Thumb Code     2  startup_tm4c129.o(.text)
    UART0_Handler                            0x000002f5   Thumb Code     2  startup_tm4c129.o(.text)
    UART1_Handler                            0x000002f7   Thumb Code     2  startup_tm4c129.o(.text)
    SSI0_Handler                             0x000002f9   Thumb Code     2  startup_tm4c129.o(.text)
    I2C0_Handler                             0x000002fb   Thumb Code     2  startup_tm4c129.o(.text)
    PMW0_FAULT_Handler                       0x000002fd   Thumb Code     2  startup_tm4c129.o(.text)
    PWM0_0_Handler                           0x000002ff   Thumb Code     2  startup_tm4c129.o(.text)
    PWM0_1_Handler                           0x00000301   Thumb Code     2  startup_tm4c129.o(.text)
    PWM0_2_Handler                           0x00000303   Thumb Code     2  startup_tm4c129.o(.text)
    QEI0_Handler                             0x00000305   Thumb Code     2  startup_tm4c129.o(.text)
    ADC0SS0_Handler                          0x00000307   Thumb Code     2  startup_tm4c129.o(.text)
    ADC0SS1_Handler                          0x00000309   Thumb Code     2  startup_tm4c129.o(.text)
    ADC0SS2_Handler                          0x0000030b   Thumb Code     2  startup_tm4c129.o(.text)
    ADC0SS3_Handler                          0x0000030d   Thumb Code     2  startup_tm4c129.o(.text)
    WDT0_Handler                             0x0000030f   Thumb Code     2  startup_tm4c129.o(.text)
    TIMER0A_Handler                          0x00000311   Thumb Code     2  startup_tm4c129.o(.text)
    TIMER0B_Handler                          0x00000313   Thumb Code     2  startup_tm4c129.o(.text)
    TIMER1A_Handler                          0x00000315   Thumb Code     2  startup_tm4c129.o(.text)
    TIMER1B_Handler                          0x00000317   Thumb Code     2  startup_tm4c129.o(.text)
    TIMER2A_Handler                          0x00000319   Thumb Code     2  startup_tm4c129.o(.text)
    TIMER2B_Handler                          0x0000031b   Thumb Code     2  startup_tm4c129.o(.text)
    COMP0_Handler                            0x0000031d   Thumb Code     2  startup_tm4c129.o(.text)
    COMP1_Handler                            0x0000031f   Thumb Code     2  startup_tm4c129.o(.text)
    COMP2_Handler                            0x00000321   Thumb Code     2  startup_tm4c129.o(.text)
    SYSCTL_Handler                           0x00000323   Thumb Code     2  startup_tm4c129.o(.text)
    FLASH_Handler                            0x00000325   Thumb Code     2  startup_tm4c129.o(.text)
    GPIOF_Handler                            0x00000327   Thumb Code     2  startup_tm4c129.o(.text)
    GPIOG_Handler                            0x00000329   Thumb Code     2  startup_tm4c129.o(.text)
    GPIOH_Handler                            0x0000032b   Thumb Code     2  startup_tm4c129.o(.text)
    UART2_Handler                            0x0000032d   Thumb Code     2  startup_tm4c129.o(.text)
    SSI1_Handler                             0x0000032f   Thumb Code     2  startup_tm4c129.o(.text)
    TIMER3A_Handler                          0x00000331   Thumb Code     2  startup_tm4c129.o(.text)
    TIMER3B_Handler                          0x00000333   Thumb Code     2  startup_tm4c129.o(.text)
    I2C1_Handler                             0x00000335   Thumb Code     2  startup_tm4c129.o(.text)
    CAN0_Handler                             0x00000337   Thumb Code     2  startup_tm4c129.o(.text)
    CAN1_Handler                             0x00000339   Thumb Code     2  startup_tm4c129.o(.text)
    ETH_Handler                              0x0000033b   Thumb Code     2  startup_tm4c129.o(.text)
    HIB_Handler                              0x0000033d   Thumb Code     2  startup_tm4c129.o(.text)
    USB0_Handler                             0x0000033f   Thumb Code     2  startup_tm4c129.o(.text)
    PWM0_3_Handler                           0x00000341   Thumb Code     2  startup_tm4c129.o(.text)
    UDMA_Handler                             0x00000343   Thumb Code     2  startup_tm4c129.o(.text)
    UDMAERR_Handler                          0x00000345   Thumb Code     2  startup_tm4c129.o(.text)
    ADC1SS0_Handler                          0x00000347   Thumb Code     2  startup_tm4c129.o(.text)
    ADC1SS1_Handler                          0x00000349   Thumb Code     2  startup_tm4c129.o(.text)
    ADC1SS2_Handler                          0x0000034b   Thumb Code     2  startup_tm4c129.o(.text)
    ADC1SS3_Handler                          0x0000034d   Thumb Code     2  startup_tm4c129.o(.text)
    EBI0_Handler                             0x0000034f   Thumb Code     2  startup_tm4c129.o(.text)
    GPIOJ_Handler                            0x00000351   Thumb Code     2  startup_tm4c129.o(.text)
    GPIOK_Handler                            0x00000353   Thumb Code     2  startup_tm4c129.o(.text)
    GPIOL_Handler                            0x00000355   Thumb Code     2  startup_tm4c129.o(.text)
    SSI2_Handler                             0x00000357   Thumb Code     2  startup_tm4c129.o(.text)
    SSI3_Handler                             0x00000359   Thumb Code     2  startup_tm4c129.o(.text)
    UART3_Handler                            0x0000035b   Thumb Code     2  startup_tm4c129.o(.text)
    UART4_Handler                            0x0000035d   Thumb Code     2  startup_tm4c129.o(.text)
    UART5_Handler                            0x0000035f   Thumb Code     2  startup_tm4c129.o(.text)
    UART6_Handler                            0x00000361   Thumb Code     2  startup_tm4c129.o(.text)
    UART7_Handler                            0x00000363   Thumb Code     2  startup_tm4c129.o(.text)
    I2C2_Handler                             0x00000365   Thumb Code     2  startup_tm4c129.o(.text)
    I2C3_Handler                             0x00000367   Thumb Code     2  startup_tm4c129.o(.text)
    TIMER4A_Handler                          0x00000369   Thumb Code     2  startup_tm4c129.o(.text)
    TIMER4B_Handler                          0x0000036b   Thumb Code     2  startup_tm4c129.o(.text)
    TIMER5A_Handler                          0x0000036d   Thumb Code     2  startup_tm4c129.o(.text)
    TIMER5B_Handler                          0x0000036f   Thumb Code     2  startup_tm4c129.o(.text)
    WTIMER0A_Handler                         0x00000371   Thumb Code     2  startup_tm4c129.o(.text)
    WTIMER0B_Handler                         0x00000373   Thumb Code     2  startup_tm4c129.o(.text)
    WTIMER1A_Handler                         0x00000375   Thumb Code     2  startup_tm4c129.o(.text)
    WTIMER1B_Handler                         0x00000377   Thumb Code     2  startup_tm4c129.o(.text)
    WTIMER2A_Handler                         0x00000379   Thumb Code     2  startup_tm4c129.o(.text)
    WTIMER2B_Handler                         0x0000037b   Thumb Code     2  startup_tm4c129.o(.text)
    WTIMER3A_Handler                         0x0000037d   Thumb Code     2  startup_tm4c129.o(.text)
    WTIMER3B_Handler                         0x0000037f   Thumb Code     2  startup_tm4c129.o(.text)
    WTIMER4A_Handler                         0x00000381   Thumb Code     2  startup_tm4c129.o(.text)
    WTIMER4B_Handler                         0x00000383   Thumb Code     2  startup_tm4c129.o(.text)
    WTIMER5A_Handler                         0x00000385   Thumb Code     2  startup_tm4c129.o(.text)
    WTIMER5B_Handler                         0x00000387   Thumb Code     2  startup_tm4c129.o(.text)
    FPU_Handler                              0x00000389   Thumb Code     2  startup_tm4c129.o(.text)
    I2C4_Handler                             0x0000038b   Thumb Code     2  startup_tm4c129.o(.text)
    I2C5_Handler                             0x0000038d   Thumb Code     2  startup_tm4c129.o(.text)
    GPIOM_Handler                            0x0000038f   Thumb Code     2  startup_tm4c129.o(.text)
    GPION_Handler                            0x00000391   Thumb Code     2  startup_tm4c129.o(.text)
    TAMPER_Handler                           0x00000393   Thumb Code     2  startup_tm4c129.o(.text)
    GPIOP0_Handler                           0x00000395   Thumb Code     2  startup_tm4c129.o(.text)
    GPIOP1_Handler                           0x00000397   Thumb Code     2  startup_tm4c129.o(.text)
    GPIOP2_Handler                           0x00000399   Thumb Code     2  startup_tm4c129.o(.text)
    GPIOP3_Handler                           0x0000039b   Thumb Code     2  startup_tm4c129.o(.text)
    GPIOP4_Handler                           0x0000039d   Thumb Code     2  startup_tm4c129.o(.text)
    GPIOP5_Handler                           0x0000039f   Thumb Code     2  startup_tm4c129.o(.text)
    GPIOP6_Handler                           0x000003a1   Thumb Code     2  startup_tm4c129.o(.text)
    GPIOP7_Handler                           0x000003a3   Thumb Code     2  startup_tm4c129.o(.text)
    GPIOQ0_Handler                           0x000003a5   Thumb Code     2  startup_tm4c129.o(.text)
    GPIOQ1_Handler                           0x000003a7   Thumb Code     2  startup_tm4c129.o(.text)
    GPIOQ2_Handler                           0x000003a9   Thumb Code     2  startup_tm4c129.o(.text)
    GPIOQ3_Handler                           0x000003ab   Thumb Code     2  startup_tm4c129.o(.text)
    GPIOQ4_Handler                           0x000003ad   Thumb Code     2  startup_tm4c129.o(.text)
    GPIOQ5_Handler                           0x000003af   Thumb Code     2  startup_tm4c129.o(.text)
    GPIOQ6_Handler                           0x000003b1   Thumb Code     2  startup_tm4c129.o(.text)
    GPIOQ7_Handler                           0x000003b3   Thumb Code     2  startup_tm4c129.o(.text)
    GPIOR_Handler                            0x000003b5   Thumb Code     2  startup_tm4c129.o(.text)
    GPIOS_Handler                            0x000003b7   Thumb Code     2  startup_tm4c129.o(.text)
    SHAMD5_Handler                           0x000003b9   Thumb Code     2  startup_tm4c129.o(.text)
    AES_Handler                              0x000003bb   Thumb Code     2  startup_tm4c129.o(.text)
    DES3DES_Handler                          0x000003bd   Thumb Code     2  startup_tm4c129.o(.text)
    LCDCONTROLLER_Handler                    0x000003bf   Thumb Code     2  startup_tm4c129.o(.text)
    TIMER6A_Handler                          0x000003c1   Thumb Code     2  startup_tm4c129.o(.text)
    TIMER6B_Handler                          0x000003c3   Thumb Code     2  startup_tm4c129.o(.text)
    TIMER7A_Handler                          0x000003c5   Thumb Code     2  startup_tm4c129.o(.text)
    TIMER7B_Handler                          0x000003c7   Thumb Code     2  startup_tm4c129.o(.text)
    I2C6_Handler                             0x000003c9   Thumb Code     2  startup_tm4c129.o(.text)
    I2C7_Handler                             0x000003cb   Thumb Code     2  startup_tm4c129.o(.text)
    HIMSCANKEYBOARD_Handler                  0x000003cd   Thumb Code     2  startup_tm4c129.o(.text)
    ONEWIRE_Handler                          0x000003cf   Thumb Code     2  startup_tm4c129.o(.text)
    HIMPS2_Handler                           0x000003d1   Thumb Code     2  startup_tm4c129.o(.text)
    HIMLEDSEQUENCER_Handler                  0x000003d3   Thumb Code     2  startup_tm4c129.o(.text)
    HIMCONSUMERIR_Handler                    0x000003d5   Thumb Code     2  startup_tm4c129.o(.text)
    I2C8_Handler                             0x000003d7   Thumb Code     2  startup_tm4c129.o(.text)
    I2C9_Handler                             0x000003d9   Thumb Code     2  startup_tm4c129.o(.text)
    GPIOT_Handler                            0x000003db   Thumb Code     2  startup_tm4c129.o(.text)
    __user_initial_stackheap                 0x000003dd   Thumb Code     0  startup_tm4c129.o(.text)
    __use_two_region_memory                  0x000003fd   Thumb Code     2  heapauxi.o(.text)
    __rt_heap_escrow$2region                 0x000003ff   Thumb Code     2  heapauxi.o(.text)
    __rt_heap_expand$2region                 0x00000401   Thumb Code     2  heapauxi.o(.text)
    __user_setup_stackheap                   0x00000403   Thumb Code    74  sys_stackheap_outer.o(.text)
    exit                                     0x0000044d   Thumb Code    18  exit.o(.text)
    __user_libspace                          0x00000461   Thumb Code     8  libspace.o(.text)
    __user_perproc_libspace                  0x00000461   Thumb Code     0  libspace.o(.text)
    __user_perthread_libspace                0x00000461   Thumb Code     0  libspace.o(.text)
    _sys_exit                                0x00000469   Thumb Code     8  sys_exit.o(.text)
    __I$use$semihosting                      0x00000475   Thumb Code     0  use_no_semi.o(.text)
    __use_no_semihosting_swi                 0x00000475   Thumb Code     2  use_no_semi.o(.text)
    __semihosting_library_function           0x00000477   Thumb Code     0  indicate_semi.o(.text)
    ADCInit                                  0x00000479   Thumb Code    64  adc.o(i.ADCInit)
    ADCIntClear                              0x000004c9   Thumb Code    10  adc.o(i.ADCIntClear)
    ADCIntStatus                             0x000004d3   Thumb Code    52  adc.o(i.ADCIntStatus)
    ADCProcessorTrigger                      0x00000507   Thumb Code    26  adc.o(i.ADCProcessorTrigger)
    ADCSequenceConfigure                     0x00000521   Thumb Code    96  adc.o(i.ADCSequenceConfigure)
    ADCSequenceDataGet                       0x00000581   Thumb Code    36  adc.o(i.ADCSequenceDataGet)
    ADCSequenceEnable                        0x000005a5   Thumb Code    14  adc.o(i.ADCSequenceEnable)
    ADCSequenceStepConfigure                 0x000005b3   Thumb Code   154  adc.o(i.ADCSequenceStepConfigure)
    ADC_Sample                               0x0000064d   Thumb Code    48  adc.o(i.ADC_Sample)
    DECREASE_detect                          0x00000681   Thumb Code    98  exp.o(i.DECREASE_detect)
    DOWN_detect                              0x000006f9   Thumb Code    52  exp.o(i.DOWN_detect)
    Delay                                    0x0000073d   Thumb Code    12  lm75bd.o(i.Delay)
    DevicesInit                              0x00000749   Thumb Code    52  exp.o(i.DevicesInit)
    ENTER_detect                             0x00000789   Thumb Code    60  exp.o(i.ENTER_detect)
    FPUEnable                                0x000007d1   Thumb Code    12  fpu.o(i.FPUEnable)
    FPULazyStackingEnable                    0x000007e1   Thumb Code    12  fpu.o(i.FPULazyStackingEnable)
    GPIODirModeSet                           0x000007f1   Thumb Code    40  gpio.o(i.GPIODirModeSet)
    GPIOInit                                 0x00000819   Thumb Code    64  exp.o(i.GPIOInit)
    GPIOPadConfigSet                         0x00000865   Thumb Code   312  gpio.o(i.GPIOPadConfigSet)
    GPIOPinConfigure                         0x0000099d   Thumb Code    60  gpio.o(i.GPIOPinConfigure)
    GPIOPinRead                              0x000009e1   Thumb Code     6  gpio.o(i.GPIOPinRead)
    GPIOPinTypeADC                           0x000009e7   Thumb Code    28  gpio.o(i.GPIOPinTypeADC)
    GPIOPinTypeGPIOInput                     0x00000a03   Thumb Code    28  gpio.o(i.GPIOPinTypeGPIOInput)
    GPIOPinTypeGPIOOutput                    0x00000a1f   Thumb Code    28  gpio.o(i.GPIOPinTypeGPIOOutput)
    GPIOPinTypeI2C                           0x00000a3b   Thumb Code    28  gpio.o(i.GPIOPinTypeI2C)
    GPIOPinTypeI2CSCL                        0x00000a57   Thumb Code    28  gpio.o(i.GPIOPinTypeI2CSCL)
    GPIOPinTypePWM                           0x00000a73   Thumb Code    28  gpio.o(i.GPIOPinTypePWM)
    GPIOPinTypeUART                          0x00000a8f   Thumb Code    28  gpio.o(i.GPIOPinTypeUART)
    GPIOPinWrite                             0x00000aab   Thumb Code     6  gpio.o(i.GPIOPinWrite)
    GetTemputerature                         0x00000ab1   Thumb Code   230  lm75bd.o(i.GetTemputerature)
    I2C0Init                                 0x00000ba5   Thumb Code    62  lm75bd.o(i.I2C0Init)
    I2CMasterBusy                            0x00000c01   Thumb Code    12  i2c.o(i.I2CMasterBusy)
    I2CMasterControl                         0x00000c0d   Thumb Code     4  i2c.o(i.I2CMasterControl)
    I2CMasterDataGet                         0x00000c11   Thumb Code     4  i2c.o(i.I2CMasterDataGet)
    I2CMasterEnable                          0x00000c15   Thumb Code    10  i2c.o(i.I2CMasterEnable)
    I2CMasterErr                             0x00000c1f   Thumb Code    24  i2c.o(i.I2CMasterErr)
    I2CMasterInitExpClk                      0x00000c39   Thumb Code    72  i2c.o(i.I2CMasterInitExpClk)
    I2CMasterSlaveAddrSet                    0x00000c8d   Thumb Code     8  i2c.o(i.I2CMasterSlaveAddrSet)
    INCREASE_detect                          0x00000c95   Thumb Code    98  exp.o(i.INCREASE_detect)
    IntMasterEnable                          0x00000d0d   Thumb Code    14  interrupt.o(i.IntMasterEnable)
    LCD_Init                                 0x00000d1d   Thumb Code   132  jlx12864g.o(i.LCD_Init)
    LCD_PORT_init                            0x00000da5   Thumb Code   158  jlx12864g.o(i.LCD_PORT_init)
    LCD_delay                                0x00000e5d   Thumb Code    22  jlx12864g.o(i.LCD_delay)
    LCD_delay_us                             0x00000e73   Thumb Code    22  jlx12864g.o(i.LCD_delay_us)
    PWMGenConfigure                          0x00000e89   Thumb Code    38  pwm.o(i.PWMGenConfigure)
    PWMGenDisable                            0x00000eaf   Thumb Code    10  pwm.o(i.PWMGenDisable)
    PWMGenEnable                             0x00000eb9   Thumb Code    10  pwm.o(i.PWMGenEnable)
    PWMGenPeriodGet                          0x00000ec3   Thumb Code    18  pwm.o(i.PWMGenPeriodGet)
    PWMGenPeriodSet                          0x00000ed5   Thumb Code    18  pwm.o(i.PWMGenPeriodSet)
    PWMInit                                  0x00000ee9   Thumb Code    52  pwm.o(i.PWMInit)
    PWMOutputState                           0x00000f2d   Thumb Code    16  pwm.o(i.PWMOutputState)
    PWMPulseWidthSet                         0x00000f3d   Thumb Code    32  pwm.o(i.PWMPulseWidthSet)
    PWMStart                                 0x00000f5d   Thumb Code    60  pwm.o(i.PWMStart)
    SysCtlClockFreqSet                       0x00000fa1   Thumb Code   700  sysctl.o(i.SysCtlClockFreqSet)
    SysCtlPeripheralEnable                   0x00001285   Thumb Code    36  sysctl.o(i.SysCtlPeripheralEnable)
    SysCtlPeripheralReady                    0x000012ad   Thumb Code    40  sysctl.o(i.SysCtlPeripheralReady)
    SysTickEnable                            0x000012d9   Thumb Code    14  systick.o(i.SysTickEnable)
    SysTickInit                              0x000012e9   Thumb Code    28  exp.o(i.SysTickInit)
    SysTickIntEnable                         0x00001309   Thumb Code    14  systick.o(i.SysTickIntEnable)
    SysTickPeriodSet                         0x00001317   Thumb Code    10  systick.o(i.SysTickPeriodSet)
    SysTick_Handler                          0x00001321   Thumb Code   322  exp.o(i.SysTick_Handler)
    SystemInit                               0x000014b9   Thumb Code    20  system_tm4c129.o(i.SystemInit)
    TM1638_DigiSegment                       0x000014d9   Thumb Code   260  tm1638.o(i.TM1638_DigiSegment)
    TM1638_Init                              0x000015dd   Thumb Code    30  tm1638.o(i.TM1638_Init)
    TM1638_Readkeyboard                      0x00001601   Thumb Code   156  tm1638.o(i.TM1638_Readkeyboard)
    TM1638_RefreshDIGIandLED                 0x000016a1   Thumb Code   150  tm1638.o(i.TM1638_RefreshDIGIandLED)
    TM1638_Serial_Input                      0x0000173d   Thumb Code    76  tm1638.o(i.TM1638_Serial_Input)
    TM1638_Serial_Output                     0x00001791   Thumb Code    74  tm1638.o(i.TM1638_Serial_Output)
    UARTCharPut                              0x000017e5   Thumb Code    12  uart.o(i.UARTCharPut)
    UARTConfigSetExpClk                      0x000017f1   Thumb Code   110  uart.o(i.UARTConfigSetExpClk)
    UARTInit                                 0x00001861   Thumb Code    70  exp.o(i.UARTInit)
    UARTStringPut                            0x000018b9   Thumb Code    26  exp.o(i.UARTStringPut)
    UP_detect                                0x000018d5   Thumb Code    60  exp.o(i.UP_detect)
    clear_screen                             0x0000191d   Thumb Code    54  jlx12864g.o(i.clear_screen)
    display_GB2312_string                    0x00001955   Thumb Code   262  jlx12864g.o(i.display_GB2312_string)
    display_ui_act                           0x00001a65   Thumb Code    90  exp.o(i.display_ui_act)
    get_and_write_16x16                      0x00001ac5   Thumb Code   130  jlx12864g.o(i.get_and_write_16x16)
    get_and_write_8x16                       0x00001b4d   Thumb Code   130  jlx12864g.o(i.get_and_write_8x16)
    initial_act                              0x00001c21   Thumb Code   394  exp.o(i.initial_act)
    lcd_address                              0x00001ded   Thumb Code    38  jlx12864g.o(i.lcd_address)
    main                                     0x00001e15   Thumb Code   820  exp.o(i.main)
    send_command_to_ROM                      0x000021e9   Thumb Code    82  jlx12864g.o(i.send_command_to_ROM)
    transfer_command_lcd                     0x00002245   Thumb Code   100  jlx12864g.o(i.transfer_command_lcd)
    transfer_data_lcd                        0x000022b5   Thumb Code   100  jlx12864g.o(i.transfer_data_lcd)
    ui_proc000                               0x00002325   Thumb Code   112  exp.o(i.ui_proc000)
    ui_proc100                               0x000023b9   Thumb Code    92  exp.o(i.ui_proc100)
    ui_proc101                               0x00002435   Thumb Code   538  exp.o(i.ui_proc101)
    ui_proc102                               0x00002679   Thumb Code   538  exp.o(i.ui_proc102)
    ui_proc103                               0x000028bd   Thumb Code   538  exp.o(i.ui_proc103)
    ui_proc105                               0x00002b01   Thumb Code   538  exp.o(i.ui_proc105)
    ui_proc107                               0x00002d45   Thumb Code   782  exp.o(i.ui_proc107)
    ui_proc111                               0x00003099   Thumb Code   102  exp.o(i.ui_proc111)
    ui_proc200                               0x0000311d   Thumb Code   156  exp.o(i.ui_proc200)
    ui_state_proc                            0x000031d9   Thumb Code   104  exp.o(i.ui_state_proc)
    __aeabi_d2f                              0x00003241   Thumb Code     0  d2f.o(x$fpl$d2f)
    _d2f                                     0x00003241   Thumb Code    98  d2f.o(x$fpl$d2f)
    __aeabi_dadd                             0x000032a5   Thumb Code     0  daddsub_clz.o(x$fpl$dadd)
    _dadd                                    0x000032a5   Thumb Code   332  daddsub_clz.o(x$fpl$dadd)
    __aeabi_ddiv                             0x000033f5   Thumb Code     0  ddiv.o(x$fpl$ddiv)
    _ddiv                                    0x000033f5   Thumb Code   552  ddiv.o(x$fpl$ddiv)
    __aeabi_d2iz                             0x000036a5   Thumb Code     0  dfix.o(x$fpl$dfix)
    _dfix                                    0x000036a5   Thumb Code    94  dfix.o(x$fpl$dfix)
    __aeabi_d2uiz                            0x00003705   Thumb Code     0  dfixu.o(x$fpl$dfixu)
    _dfixu                                   0x00003705   Thumb Code    90  dfixu.o(x$fpl$dfixu)
    __aeabi_i2d                              0x0000375f   Thumb Code     0  dflt_clz.o(x$fpl$dflt)
    _dflt                                    0x0000375f   Thumb Code    46  dflt_clz.o(x$fpl$dflt)
    __aeabi_ui2d                             0x0000378d   Thumb Code     0  dflt_clz.o(x$fpl$dfltu)
    _dfltu                                   0x0000378d   Thumb Code    38  dflt_clz.o(x$fpl$dfltu)
    __aeabi_dmul                             0x000037b5   Thumb Code     0  dmul.o(x$fpl$dmul)
    _dmul                                    0x000037b5   Thumb Code   332  dmul.o(x$fpl$dmul)
    __fpl_dnaninf                            0x00003909   Thumb Code   156  dnaninf.o(x$fpl$dnaninf)
    __fpl_dretinf                            0x000039a5   Thumb Code    12  dretinf.o(x$fpl$dretinf)
    __aeabi_dsub                             0x000039b1   Thumb Code     0  daddsub_clz.o(x$fpl$dsub)
    _dsub                                    0x000039b1   Thumb Code   464  daddsub_clz.o(x$fpl$dsub)
    _fp_init                                 0x00003b85   Thumb Code    10  fpinit.o(x$fpl$fpinit)
    __fplib_config_fpu_vfp                   0x00003b8d   Thumb Code     0  fpinit.o(x$fpl$fpinit)
    __fplib_config_pureend_doubles           0x00003b8d   Thumb Code     0  fpinit.o(x$fpl$fpinit)
    __fpl_fretinf                            0x00003b8f   Thumb Code    10  fretinf.o(x$fpl$fretinf)
    __I$use$fp                               0x00003b98   Number         0  usenofp.o(x$fpl$usenofp)
    Region$$Table$$Base                      0x00004014   Number         0  anon$$obj.o(Region$$Table)
    Region$$Table$$Limit                     0x00004034   Number         0  anon$$obj.o(Region$$Table)
    a0_s0                                    0x20000000   Data           6  exp.o(.data)
    a0_s1                                    0x20000006   Data           6  exp.o(.data)
    a0_s2                                    0x2000000c   Data           2  exp.o(.data)
    a0_s3                                    0x2000000e   Data           3  exp.o(.data)
    a1_s0                                    0x20000011   Data           7  exp.o(.data)
    a1_s1                                    0x20000018   Data           2  exp.o(.data)
    a1_s2                                    0x2000001a   Data           2  exp.o(.data)
    a1_s3                                    0x2000001c   Data           2  exp.o(.data)
    a1_s4                                    0x2000001e   Data           2  exp.o(.data)
    a1_s5                                    0x20000020   Data           2  exp.o(.data)
    a1_s6                                    0x20000022   Data           4  exp.o(.data)
    a1_s7                                    0x20000026   Data           5  exp.o(.data)
    a2_s0                                    0x2000002b   Data          13  exp.o(.data)
    a3_s0                                    0x20000038   Data           8  exp.o(.data)
    freqxxx_                                 0x20000040   Data           4  exp.o(.data)
    freqxx_                                  0x20000044   Data           4  exp.o(.data)
    freqx_                                   0x20000048   Data           4  exp.o(.data)
    freq_x                                   0x2000004c   Data           4  exp.o(.data)
    ui_state                                 0x20000050   Data           4  exp.o(.data)
    key_ENTER_state                          0x20000054   Data           4  exp.o(.data)
    key_ENTER_prestate                       0x20000058   Data           4  exp.o(.data)
    ENTER_key_timer                          0x2000005c   Data           4  exp.o(.data)
    key_ENTER_flag                           0x20000060   Data           4  exp.o(.data)
    key_DOWN_state                           0x20000064   Data           4  exp.o(.data)
    key_DOWN_prestate                        0x20000068   Data           4  exp.o(.data)
    key_DOWN_timer                           0x2000006c   Data           4  exp.o(.data)
    key_DOWN_flag                            0x20000070   Data           4  exp.o(.data)
    key_UP_state                             0x20000074   Data           4  exp.o(.data)
    key_UP_prestate                          0x20000078   Data           4  exp.o(.data)
    key_UP_timer                             0x2000007c   Data           4  exp.o(.data)
    key_UP_flag                              0x20000080   Data           4  exp.o(.data)
    key_INCREASE_state                       0x20000084   Data           4  exp.o(.data)
    key_INCREASE_prestate                    0x20000088   Data           4  exp.o(.data)
    key_INCREASE_timer                       0x2000008c   Data           4  exp.o(.data)
    key_INCREASE_flag                        0x20000090   Data           4  exp.o(.data)
    key_DECREASE_state                       0x20000094   Data           4  exp.o(.data)
    key_DECREASE_prestate                    0x20000098   Data           4  exp.o(.data)
    key_DECREASE_timer                       0x2000009c   Data           4  exp.o(.data)
    key_DECREASE_flag                        0x200000a0   Data           4  exp.o(.data)
    clock40ms                                0x200000a4   Data           1  exp.o(.data)
    clock100ms                               0x200000a5   Data           1  exp.o(.data)
    clock500ms                               0x200000a6   Data           1  exp.o(.data)
    clock1s                                  0x200000a7   Data           1  exp.o(.data)
    clock2s                                  0x200000a8   Data           2  exp.o(.data)
    clock3s                                  0x200000aa   Data           2  exp.o(.data)
    clock10s                                 0x200000ac   Data           2  exp.o(.data)
    clock40ms_flag                           0x200000ae   Data           1  exp.o(.data)
    clock100ms_flag                          0x200000af   Data           1  exp.o(.data)
    clock500ms_flag                          0x200000b0   Data           1  exp.o(.data)
    clock1s_flag                             0x200000b1   Data           1  exp.o(.data)
    clock3s_flag                             0x200000b2   Data           1  exp.o(.data)
    NOKEY_clock2s_flag                       0x200000b3   Data           1  exp.o(.data)
    NOKEY_clock10s_flag                      0x200000b4   Data           1  exp.o(.data)
    test_counter                             0x200000b8   Data           4  exp.o(.data)
    digit                                    0x200000bc   Data           8  exp.o(.data)
    pnt                                      0x200000c4   Data           1  exp.o(.data)
    led                                      0x200000c5   Data           8  exp.o(.data)
    key_code                                 0x200000cd   Data           1  exp.o(.data)
    key_state                                0x200000ce   Data           1  exp.o(.data)
    key_flag                                 0x200000cf   Data           1  exp.o(.data)
    m107_flag                                0x200000d0   Data           1  exp.o(.data)
    g_ui32SysClock                           0x200000d4   Data           4  exp.o(.data)
    ui32ADC0Value                            0x200000d8   Data           4  exp.o(.data)
    ui32ADC0Voltage                          0x200000e0   Data           8  exp.o(.data)
    aveADC0Voltage                           0x200000e8   Data           8  exp.o(.data)
    sumADC0Value                             0x200000f0   Data           4  exp.o(.data)
    volt                                     0x200000f4   Data           6  exp.o(.data)
    i16Temperature1                          0x200000fa   Data           2  exp.o(.data)
    i16Temperature2                          0x200000fc   Data           2  exp.o(.data)
    temper                                   0x200000fe   Data          10  exp.o(.data)
    ui8DigitRefresh                          0x20000108   Data           1  exp.o(.data)
    freqs                                    0x20000109   Data          14  exp.o(.data)
    fontaddr                                 0x20000118   Data           4  jlx12864g.o(.data)
    SystemCoreClock                          0x2000011c   Data           4  system_tm4c129.o(.data)
    a                                        0x20000120   Data         576  exp.o(.bss)
    act                                      0x20000360   Data          16  exp.o(.bss)
    __libspace_start                         0x20000370   Data          96  libspace.o(.bss)
    __temporary_stack_top$libspace           0x200003d0   Data           0  libspace.o(.bss)



==============================================================================

Memory Map of the image

  Image Entry point : 0x000002d1

  Load Region LR_1 (Base: 0x00000000, Size: 0x00004154, Max: 0xffffffff, ABSOLUTE)

    Execution Region ER_RO (Base: 0x00000000, Size: 0x00004034, Max: 0xffffffff, ABSOLUTE)

    Base Addr    Size         Type   Attr      Idx    E Section Name        Object

    0x00000000   0x00000200   Data   RO          475    RESET               startup_tm4c129.o
    0x00000200   0x00000008   Code   RO         2589  * !!!main             c_w.l(__main.o)
    0x00000208   0x00000034   Code   RO         2781    !!!scatter          c_w.l(__scatter.o)
    0x0000023c   0x0000001a   Code   RO         2783    !!handler_copy      c_w.l(__scatter_copy.o)
    0x00000256   0x00000002   PAD
    0x00000258   0x0000001c   Code   RO         2785    !!handler_zi        c_w.l(__scatter_zi.o)
    0x00000274   0x00000002   Code   RO         2651    .ARM.Collect$$libinit$$00000000  c_w.l(libinit.o)
    0x00000276   0x00000004   Code   RO         2657    .ARM.Collect$$libinit$$00000001  c_w.l(libinit2.o)
    0x0000027a   0x00000000   Code   RO         2660    .ARM.Collect$$libinit$$00000004  c_w.l(libinit2.o)
    0x0000027a   0x00000000   Code   RO         2663    .ARM.Collect$$libinit$$0000000A  c_w.l(libinit2.o)
    0x0000027a   0x00000000   Code   RO         2665    .ARM.Collect$$libinit$$0000000C  c_w.l(libinit2.o)
    0x0000027a   0x00000000   Code   RO         2667    .ARM.Collect$$libinit$$0000000E  c_w.l(libinit2.o)
    0x0000027a   0x00000000   Code   RO         2670    .ARM.Collect$$libinit$$00000011  c_w.l(libinit2.o)
    0x0000027a   0x00000000   Code   RO         2672    .ARM.Collect$$libinit$$00000013  c_w.l(libinit2.o)
    0x0000027a   0x00000000   Code   RO         2674    .ARM.Collect$$libinit$$00000015  c_w.l(libinit2.o)
    0x0000027a   0x00000000   Code   RO         2676    .ARM.Collect$$libinit$$00000017  c_w.l(libinit2.o)
    0x0000027a   0x00000000   Code   RO         2678    .ARM.Collect$$libinit$$00000019  c_w.l(libinit2.o)
    0x0000027a   0x00000000   Code   RO         2680    .ARM.Collect$$libinit$$0000001B  c_w.l(libinit2.o)
    0x0000027a   0x00000000   Code   RO         2682    .ARM.Collect$$libinit$$0000001D  c_w.l(libinit2.o)
    0x0000027a   0x00000000   Code   RO         2684    .ARM.Collect$$libinit$$0000001F  c_w.l(libinit2.o)
    0x0000027a   0x00000000   Code   RO         2686    .ARM.Collect$$libinit$$00000021  c_w.l(libinit2.o)
    0x0000027a   0x00000000   Code   RO         2688    .ARM.Collect$$libinit$$00000023  c_w.l(libinit2.o)
    0x0000027a   0x00000000   Code   RO         2690    .ARM.Collect$$libinit$$00000025  c_w.l(libinit2.o)
    0x0000027a   0x00000000   Code   RO         2694    .ARM.Collect$$libinit$$0000002C  c_w.l(libinit2.o)
    0x0000027a   0x00000000   Code   RO         2696    .ARM.Collect$$libinit$$0000002E  c_w.l(libinit2.o)
    0x0000027a   0x00000000   Code   RO         2698    .ARM.Collect$$libinit$$00000030  c_w.l(libinit2.o)
    0x0000027a   0x00000000   Code   RO         2700    .ARM.Collect$$libinit$$00000032  c_w.l(libinit2.o)
    0x0000027a   0x00000002   Code   RO         2701    .ARM.Collect$$libinit$$00000033  c_w.l(libinit2.o)
    0x0000027c   0x00000002   Code   RO         2721    .ARM.Collect$$libshutdown$$00000000  c_w.l(libshutdown.o)
    0x0000027e   0x00000000   Code   RO         2734    .ARM.Collect$$libshutdown$$00000002  c_w.l(libshutdown2.o)
    0x0000027e   0x00000000   Code   RO         2736    .ARM.Collect$$libshutdown$$00000004  c_w.l(libshutdown2.o)
    0x0000027e   0x00000000   Code   RO         2739    .ARM.Collect$$libshutdown$$00000007  c_w.l(libshutdown2.o)
    0x0000027e   0x00000000   Code   RO         2742    .ARM.Collect$$libshutdown$$0000000A  c_w.l(libshutdown2.o)
    0x0000027e   0x00000000   Code   RO         2744    .ARM.Collect$$libshutdown$$0000000C  c_w.l(libshutdown2.o)
    0x0000027e   0x00000000   Code   RO         2747    .ARM.Collect$$libshutdown$$0000000F  c_w.l(libshutdown2.o)
    0x0000027e   0x00000002   Code   RO         2748    .ARM.Collect$$libshutdown$$00000010  c_w.l(libshutdown2.o)
    0x00000280   0x00000000   Code   RO         2619    .ARM.Collect$$rtentry$$00000000  c_w.l(__rtentry.o)
    0x00000280   0x00000000   Code   RO         2628    .ARM.Collect$$rtentry$$00000002  c_w.l(__rtentry2.o)
    0x00000280   0x00000006   Code   RO         2640    .ARM.Collect$$rtentry$$00000004  c_w.l(__rtentry4.o)
    0x00000286   0x00000000   Code   RO         2630    .ARM.Collect$$rtentry$$00000009  c_w.l(__rtentry2.o)
    0x00000286   0x00000004   Code   RO         2631    .ARM.Collect$$rtentry$$0000000A  c_w.l(__rtentry2.o)
    0x0000028a   0x00000000   Code   RO         2633    .ARM.Collect$$rtentry$$0000000C  c_w.l(__rtentry2.o)
    0x0000028a   0x00000008   Code   RO         2634    .ARM.Collect$$rtentry$$0000000D  c_w.l(__rtentry2.o)
    0x00000292   0x00000002   Code   RO         2655    .ARM.Collect$$rtexit$$00000000  c_w.l(rtexit.o)
    0x00000294   0x00000000   Code   RO         2703    .ARM.Collect$$rtexit$$00000002  c_w.l(rtexit2.o)
    0x00000294   0x00000004   Code   RO         2704    .ARM.Collect$$rtexit$$00000003  c_w.l(rtexit2.o)
    0x00000298   0x00000006   Code   RO         2705    .ARM.Collect$$rtexit$$00000004  c_w.l(rtexit2.o)
    0x0000029e   0x00000002   PAD
    0x000002a0   0x00000006   Code   RO         1869    .emb_text           driverlib.lib(sysctl.o)
    0x000002a6   0x00000002   PAD
    0x000002a8   0x00000026   Code   RO         2575    .emb_text           driverlib.lib(cpu.o)
    0x000002ce   0x00000002   PAD
    0x000002d0   0x0000012c   Code   RO          476  * .text               startup_tm4c129.o
    0x000003fc   0x00000006   Code   RO         2587    .text               c_w.l(heapauxi.o)
    0x00000402   0x0000004a   Code   RO         2642    .text               c_w.l(sys_stackheap_outer.o)
    0x0000044c   0x00000012   Code   RO         2644    .text               c_w.l(exit.o)
    0x0000045e   0x00000002   PAD
    0x00000460   0x00000008   Code   RO         2652    .text               c_w.l(libspace.o)
    0x00000468   0x0000000c   Code   RO         2713    .text               c_w.l(sys_exit.o)
    0x00000474   0x00000002   Code   RO         2724    .text               c_w.l(use_no_semi.o)
    0x00000476   0x00000000   Code   RO         2726    .text               c_w.l(indicate_semi.o)
    0x00000476   0x00000002   PAD
    0x00000478   0x00000050   Code   RO          260    i.ADCInit           adc.o
    0x000004c8   0x0000000a   Code   RO          546    i.ADCIntClear       driverlib.lib(adc.o)
    0x000004d2   0x00000034   Code   RO          553    i.ADCIntStatus      driverlib.lib(adc.o)
    0x00000506   0x0000001a   Code   RO          558    i.ADCProcessorTrigger  driverlib.lib(adc.o)
    0x00000520   0x00000060   Code   RO          561    i.ADCSequenceConfigure  driverlib.lib(adc.o)
    0x00000580   0x00000024   Code   RO          564    i.ADCSequenceDataGet  driverlib.lib(adc.o)
    0x000005a4   0x0000000e   Code   RO          566    i.ADCSequenceEnable  driverlib.lib(adc.o)
    0x000005b2   0x0000009a   Code   RO          569    i.ADCSequenceStepConfigure  driverlib.lib(adc.o)
    0x0000064c   0x00000034   Code   RO          261    i.ADC_Sample        adc.o
    0x00000680   0x00000078   Code   RO            1    i.DECREASE_detect   exp.o
    0x000006f8   0x00000044   Code   RO            2    i.DOWN_detect       exp.o
    0x0000073c   0x0000000c   Code   RO          448    i.Delay             lm75bd.o
    0x00000748   0x00000040   Code   RO            3    i.DevicesInit       exp.o
    0x00000788   0x00000048   Code   RO            4    i.ENTER_detect      exp.o
    0x000007d0   0x00000010   Code   RO          814    i.FPUEnable         driverlib.lib(fpu.o)
    0x000007e0   0x00000010   Code   RO          817    i.FPULazyStackingEnable  driverlib.lib(fpu.o)
    0x000007f0   0x00000028   Code   RO          884    i.GPIODirModeSet    driverlib.lib(gpio.o)
    0x00000818   0x0000004c   Code   RO            5    i.GPIOInit          exp.o
    0x00000864   0x00000138   Code   RO          896    i.GPIOPadConfigSet  driverlib.lib(gpio.o)
    0x0000099c   0x00000044   Code   RO          897    i.GPIOPinConfigure  driverlib.lib(gpio.o)
    0x000009e0   0x00000006   Code   RO          898    i.GPIOPinRead       driverlib.lib(gpio.o)
    0x000009e6   0x0000001c   Code   RO          899    i.GPIOPinTypeADC    driverlib.lib(gpio.o)
    0x00000a02   0x0000001c   Code   RO          907    i.GPIOPinTypeGPIOInput  driverlib.lib(gpio.o)
    0x00000a1e   0x0000001c   Code   RO          908    i.GPIOPinTypeGPIOOutput  driverlib.lib(gpio.o)
    0x00000a3a   0x0000001c   Code   RO          911    i.GPIOPinTypeI2C    driverlib.lib(gpio.o)
    0x00000a56   0x0000001c   Code   RO          912    i.GPIOPinTypeI2CSCL  driverlib.lib(gpio.o)
    0x00000a72   0x0000001c   Code   RO          915    i.GPIOPinTypePWM    driverlib.lib(gpio.o)
    0x00000a8e   0x0000001c   Code   RO          920    i.GPIOPinTypeUART   driverlib.lib(gpio.o)
    0x00000aaa   0x00000006   Code   RO          926    i.GPIOPinWrite      driverlib.lib(gpio.o)
    0x00000ab0   0x000000f4   Code   RO          449    i.GetTemputerature  lm75bd.o
    0x00000ba4   0x0000005c   Code   RO          450    i.I2C0Init          lm75bd.o
    0x00000c00   0x0000000c   Code   RO         1197    i.I2CMasterBusy     driverlib.lib(i2c.o)
    0x00000c0c   0x00000004   Code   RO         1198    i.I2CMasterControl  driverlib.lib(i2c.o)
    0x00000c10   0x00000004   Code   RO         1199    i.I2CMasterDataGet  driverlib.lib(i2c.o)
    0x00000c14   0x0000000a   Code   RO         1202    i.I2CMasterEnable   driverlib.lib(i2c.o)
    0x00000c1e   0x00000018   Code   RO         1203    i.I2CMasterErr      driverlib.lib(i2c.o)
    0x00000c36   0x00000002   PAD
    0x00000c38   0x00000054   Code   RO         1205    i.I2CMasterInitExpClk  driverlib.lib(i2c.o)
    0x00000c8c   0x00000008   Code   RO         1215    i.I2CMasterSlaveAddrSet  driverlib.lib(i2c.o)
    0x00000c94   0x00000078   Code   RO            6    i.INCREASE_detect   exp.o
    0x00000d0c   0x0000000e   Code   RO         1527    i.IntMasterEnable   driverlib.lib(interrupt.o)
    0x00000d1a   0x00000002   PAD
    0x00000d1c   0x00000088   Code   RO          320    i.LCD_Init          jlx12864g.o
    0x00000da4   0x000000b8   Code   RO          321    i.LCD_PORT_init     jlx12864g.o
    0x00000e5c   0x00000016   Code   RO          322    i.LCD_delay         jlx12864g.o
    0x00000e72   0x00000016   Code   RO          323    i.LCD_delay_us      jlx12864g.o
    0x00000e88   0x00000026   Code   RO         1644    i.PWMGenConfigure   driverlib.lib(pwm.o)
    0x00000eae   0x0000000a   Code   RO         1645    i.PWMGenDisable     driverlib.lib(pwm.o)
    0x00000eb8   0x0000000a   Code   RO         1646    i.PWMGenEnable      driverlib.lib(pwm.o)
    0x00000ec2   0x00000012   Code   RO         1658    i.PWMGenPeriodGet   driverlib.lib(pwm.o)
    0x00000ed4   0x00000012   Code   RO         1659    i.PWMGenPeriodSet   driverlib.lib(pwm.o)
    0x00000ee6   0x00000002   PAD
    0x00000ee8   0x00000044   Code   RO          235    i.PWMInit           pwm.o
    0x00000f2c   0x00000010   Code   RO         1666    i.PWMOutputState    driverlib.lib(pwm.o)
    0x00000f3c   0x00000020   Code   RO         1669    i.PWMPulseWidthSet  driverlib.lib(pwm.o)
    0x00000f5c   0x00000044   Code   RO          236    i.PWMStart          pwm.o
    0x00000fa0   0x000002e4   Code   RO         1871    i.SysCtlClockFreqSet  driverlib.lib(sysctl.o)
    0x00001284   0x00000028   Code   RO         1903    i.SysCtlPeripheralEnable  driverlib.lib(sysctl.o)
    0x000012ac   0x0000002c   Code   RO         1907    i.SysCtlPeripheralReady  driverlib.lib(sysctl.o)
    0x000012d8   0x0000000e   Code   RO         2218    i.SysTickEnable     driverlib.lib(systick.o)
    0x000012e6   0x00000002   PAD
    0x000012e8   0x00000020   Code   RO            7    i.SysTickInit       exp.o
    0x00001308   0x0000000e   Code   RO         2220    i.SysTickIntEnable  driverlib.lib(systick.o)
    0x00001316   0x0000000a   Code   RO         2224    i.SysTickPeriodSet  driverlib.lib(systick.o)
    0x00001320   0x00000198   Code   RO            8    i.SysTick_Handler   exp.o
    0x000014b8   0x00000020   Code   RO          484    i.SystemInit        system_tm4c129.o
    0x000014d8   0x00000104   Code   RO          278    i.TM1638_DigiSegment  tm1638.o
    0x000015dc   0x00000024   Code   RO          279    i.TM1638_Init       tm1638.o
    0x00001600   0x000000a0   Code   RO          280    i.TM1638_Readkeyboard  tm1638.o
    0x000016a0   0x0000009c   Code   RO          281    i.TM1638_RefreshDIGIandLED  tm1638.o
    0x0000173c   0x00000054   Code   RO          282    i.TM1638_Serial_Input  tm1638.o
    0x00001790   0x00000054   Code   RO          283    i.TM1638_Serial_Output  tm1638.o
    0x000017e4   0x0000000c   Code   RO         2288    i.UARTCharPut       driverlib.lib(uart.o)
    0x000017f0   0x0000006e   Code   RO         2294    i.UARTConfigSetExpClk  driverlib.lib(uart.o)
    0x0000185e   0x00000002   PAD
    0x00001860   0x00000058   Code   RO            9    i.UARTInit          exp.o
    0x000018b8   0x0000001a   Code   RO           10    i.UARTStringPut     exp.o
    0x000018d2   0x00000002   PAD
    0x000018d4   0x00000048   Code   RO           11    i.UP_detect         exp.o
    0x0000191c   0x00000036   Code   RO          324    i.clear_screen      jlx12864g.o
    0x00001952   0x00000002   PAD
    0x00001954   0x00000110   Code   RO          326    i.display_GB2312_string  jlx12864g.o
    0x00001a64   0x00000060   Code   RO           12    i.display_ui_act    exp.o
    0x00001ac4   0x00000088   Code   RO          332    i.get_and_write_16x16  jlx12864g.o
    0x00001b4c   0x00000088   Code   RO          334    i.get_and_write_8x16  jlx12864g.o
    0x00001bd4   0x0000004c   Code   RO          335    i.get_data_from_ROM  jlx12864g.o
    0x00001c20   0x000001cc   Code   RO           13    i.initial_act       exp.o
    0x00001dec   0x00000026   Code   RO          336    i.lcd_address       jlx12864g.o
    0x00001e12   0x00000002   PAD
    0x00001e14   0x000003d4   Code   RO           14    i.main              exp.o
    0x000021e8   0x0000005c   Code   RO          337    i.send_command_to_ROM  jlx12864g.o
    0x00002244   0x00000070   Code   RO          338    i.transfer_command_lcd  jlx12864g.o
    0x000022b4   0x00000070   Code   RO          339    i.transfer_data_lcd  jlx12864g.o
    0x00002324   0x00000094   Code   RO           15    i.ui_proc000        exp.o
    0x000023b8   0x0000007c   Code   RO           16    i.ui_proc100        exp.o
    0x00002434   0x00000244   Code   RO           17    i.ui_proc101        exp.o
    0x00002678   0x00000244   Code   RO           18    i.ui_proc102        exp.o
    0x000028bc   0x00000244   Code   RO           19    i.ui_proc103        exp.o
    0x00002b00   0x00000244   Code   RO           20    i.ui_proc105        exp.o
    0x00002d44   0x00000354   Code   RO           21    i.ui_proc107        exp.o
    0x00003098   0x00000084   Code   RO           22    i.ui_proc111        exp.o
    0x0000311c   0x000000bc   Code   RO           23    i.ui_proc200        exp.o
    0x000031d8   0x00000068   Code   RO           24    i.ui_state_proc     exp.o
    0x00003240   0x00000062   Code   RO         2591    x$fpl$d2f           fz_wm.l(d2f.o)
    0x000032a2   0x00000002   PAD
    0x000032a4   0x00000150   Code   RO         2593    x$fpl$dadd          fz_wm.l(daddsub_clz.o)
    0x000033f4   0x000002b0   Code   RO         2600    x$fpl$ddiv          fz_wm.l(ddiv.o)
    0x000036a4   0x0000005e   Code   RO         2603    x$fpl$dfix          fz_wm.l(dfix.o)
    0x00003702   0x00000002   PAD
    0x00003704   0x0000005a   Code   RO         2607    x$fpl$dfixu         fz_wm.l(dfixu.o)
    0x0000375e   0x0000002e   Code   RO         2612    x$fpl$dflt          fz_wm.l(dflt_clz.o)
    0x0000378c   0x00000026   Code   RO         2611    x$fpl$dfltu         fz_wm.l(dflt_clz.o)
    0x000037b2   0x00000002   PAD
    0x000037b4   0x00000154   Code   RO         2617    x$fpl$dmul          fz_wm.l(dmul.o)
    0x00003908   0x0000009c   Code   RO         2620    x$fpl$dnaninf       fz_wm.l(dnaninf.o)
    0x000039a4   0x0000000c   Code   RO         2622    x$fpl$dretinf       fz_wm.l(dretinf.o)
    0x000039b0   0x000001d4   Code   RO         2595    x$fpl$dsub          fz_wm.l(daddsub_clz.o)
    0x00003b84   0x0000000a   Code   RO         2711    x$fpl$fpinit        fz_wm.l(fpinit.o)
    0x00003b8e   0x0000000a   Code   RO         2624    x$fpl$fretinf       fz_wm.l(fretinf.o)
    0x00003b98   0x00000000   Code   RO         2626    x$fpl$usenofp       fz_wm.l(usenofp.o)
    0x00003b98   0x00000228   Data   RO          928    .constdata          driverlib.lib(gpio.o)
    0x00003dc0   0x00000254   Data   RO         1925    .constdata          driverlib.lib(sysctl.o)
    0x00004014   0x00000020   Data   RO         2779    Region$$Table       anon$$obj.o


    Execution Region ER_RW (Base: 0x20000000, Size: 0x00000120, Max: 0xffffffff, ABSOLUTE)

    Base Addr    Size         Type   Attr      Idx    E Section Name        Object

    0x20000000   0x00000117   Data   RW           26    .data               exp.o
    0x20000117   0x00000001   PAD
    0x20000118   0x00000004   Data   RW          340    .data               jlx12864g.o
    0x2000011c   0x00000004   Data   RW          485    .data               system_tm4c129.o


    Execution Region ER_ZI (Base: 0x20000120, Size: 0x000004b0, Max: 0xffffffff, ABSOLUTE)

    Base Addr    Size         Type   Attr      Idx    E Section Name        Object

    0x20000120   0x00000250   Zero   RW           25    .bss                exp.o
    0x20000370   0x00000060   Zero   RW         2653    .bss                c_w.l(libspace.o)
    0x200003d0   0x00000000   Zero   RW          474    HEAP                startup_tm4c129.o
    0x200003d0   0x00000200   Zero   RW          473    STACK               startup_tm4c129.o


==============================================================================

Image component sizes


      Code (inc. data)   RO Data    RW Data    ZI Data      Debug   Object Name

       132         20          0          0          0       1035   adc.o
      6550        816          0        279        592      23695   exp.o
      1392         90          0          4          0       8686   jlx12864g.o
       348         44          0          0          0       1826   lm75bd.o
       136         24          0          0          0       1017   pwm.o
       300         22        512          0        512       6060   startup_tm4c129.o
        32         12          0          4          0       3859   system_tm4c129.o
       780         78          0          0          0       4245   tm1638.o

    ----------------------------------------------------------------------
      9676       1106        544        288       1104      50423   Object Totals
         0          0         32          0          0          0   (incl. Generated)
         6          0          0          1          0          0   (incl. Padding)

    ----------------------------------------------------------------------

      Code (inc. data)   RO Data    RW Data    ZI Data      Debug   Library Member Name

         8          0          0          0          0         68   __main.o
         0          0          0          0          0          0   __rtentry.o
        12          0          0          0          0          0   __rtentry2.o
         6          0          0          0          0          0   __rtentry4.o
        52          8          0          0          0          0   __scatter.o
        26          0          0          0          0          0   __scatter_copy.o
        28          0          0          0          0          0   __scatter_zi.o
        18          0          0          0          0         80   exit.o
         6          0          0          0          0        152   heapauxi.o
         0          0          0          0          0          0   indicate_semi.o
         2          0          0          0          0          0   libinit.o
         6          0          0          0          0          0   libinit2.o
         2          0          0          0          0          0   libshutdown.o
         2          0          0          0          0          0   libshutdown2.o
         8          4          0          0         96         68   libspace.o
         2          0          0          0          0          0   rtexit.o
        10          0          0          0          0          0   rtexit2.o
        12          4          0          0          0         68   sys_exit.o
        74          0          0          0          0         80   sys_stackheap_outer.o
         2          0          0          0          0         68   use_no_semi.o
       388          0          0          0          0       8194   adc.o
        38          0          0          0          0        572   cpu.o
        32          8          0          0          0        908   fpu.o
       628          8        552          0          0       7820   gpio.o
       146         12          0          0          0       4460   i2c.o
        14          0          0          0          0        518   interrupt.o
       142          0          0          0          0       3649   pwm.o
       830         48        596          0          0       4870   sysctl.o
        38          0          0          0          0       1410   systick.o
       122          0          0          0          0       2077   uart.o
        98          4          0          0          0        140   d2f.o
       804         16          0          0          0        368   daddsub_clz.o
       688        140          0          0          0        256   ddiv.o
        94          4          0          0          0        140   dfix.o
        90          4          0          0          0        140   dfixu.o
        84          0          0          0          0        232   dflt_clz.o
       340         12          0          0          0        152   dmul.o
       156          4          0          0          0        140   dnaninf.o
        12          0          0          0          0        116   dretinf.o
        10          0          0          0          0        116   fpinit.o
        10          0          0          0          0        116   fretinf.o
         0          0          0          0          0          0   usenofp.o

    ----------------------------------------------------------------------
      5068        276       1148          0         96      36978   Library Totals
        28          0          0          0          0          0   (incl. Padding)

    ----------------------------------------------------------------------

      Code (inc. data)   RO Data    RW Data    ZI Data      Debug   Library Name

       276         16          0          0         96        584   c_w.l
      2378         76       1148          0          0      34478   driverlib.lib
      2386        184          0          0          0       1916   fz_wm.l

    ----------------------------------------------------------------------
      5068        276       1148          0         96      36978   Library Totals

    ----------------------------------------------------------------------

==============================================================================


      Code (inc. data)   RO Data    RW Data    ZI Data      Debug   

     14744       1382       1692        288       1200      77145   Grand Totals
     14744       1382       1692        288       1200      77145   ELF Image Totals
     14744       1382       1692        288          0          0   ROM Totals

==============================================================================

    Total RO  Size (Code + RO Data)                16436 (  16.05kB)
    Total RW  Size (RW Data + ZI Data)              1488 (   1.45kB)
    Total ROM Size (Code + RO Data + RW Data)      16724 (  16.33kB)

==============================================================================

